Archive member included to satisfy reference by file (symbol)

../Middlewares/ST/STM32_InfraredPD_Library/Lib\InfraredPD_CM4F_wc32_ot_hard.a(infrared_pd.o)
                              ./MEMS/Target/infrared_pd_manager.o (InfraredPD_Initialize)
C:/ST/STM32CubeIDE_1.14.1/STM32CubeIDE/plugins/com.st.stm32cube.ide.mcu.externaltools.gnu-tools-for-stm32.11.3.rel1.win32_1.1.100.202309141235/tools/bin/../lib/gcc/arm-none-eabi/11.3.1/../../../../arm-none-eabi/lib/thumb/v7e-m+fp/hard\libc_nano.a(libc_a-exit.o)
                              C:/ST/STM32CubeIDE_1.14.1/STM32CubeIDE/plugins/com.st.stm32cube.ide.mcu.externaltools.gnu-tools-for-stm32.11.3.rel1.win32_1.1.100.202309141235/tools/bin/../lib/gcc/arm-none-eabi/11.3.1/../../../../arm-none-eabi/lib/thumb/v7e-m+fp/hard/crt0.o (exit)
C:/ST/STM32CubeIDE_1.14.1/STM32CubeIDE/plugins/com.st.stm32cube.ide.mcu.externaltools.gnu-tools-for-stm32.11.3.rel1.win32_1.1.100.202309141235/tools/bin/../lib/gcc/arm-none-eabi/11.3.1/../../../../arm-none-eabi/lib/thumb/v7e-m+fp/hard\libc_nano.a(libc_a-malloc.o)
                              ../Middlewares/ST/STM32_InfraredPD_Library/Lib\InfraredPD_CM4F_wc32_ot_hard.a(infrared_pd.o) (malloc)
C:/ST/STM32CubeIDE_1.14.1/STM32CubeIDE/plugins/com.st.stm32cube.ide.mcu.externaltools.gnu-tools-for-stm32.11.3.rel1.win32_1.1.100.202309141235/tools/bin/../lib/gcc/arm-none-eabi/11.3.1/../../../../arm-none-eabi/lib/thumb/v7e-m+fp/hard\libc_nano.a(libc_a-mallocr.o)
                              C:/ST/STM32CubeIDE_1.14.1/STM32CubeIDE/plugins/com.st.stm32cube.ide.mcu.externaltools.gnu-tools-for-stm32.11.3.rel1.win32_1.1.100.202309141235/tools/bin/../lib/gcc/arm-none-eabi/11.3.1/../../../../arm-none-eabi/lib/thumb/v7e-m+fp/hard\libc_nano.a(libc_a-malloc.o) (_malloc_r)
C:/ST/STM32CubeIDE_1.14.1/STM32CubeIDE/plugins/com.st.stm32cube.ide.mcu.externaltools.gnu-tools-for-stm32.11.3.rel1.win32_1.1.100.202309141235/tools/bin/../lib/gcc/arm-none-eabi/11.3.1/../../../../arm-none-eabi/lib/thumb/v7e-m+fp/hard\libc_nano.a(libc_a-mlock.o)
                              C:/ST/STM32CubeIDE_1.14.1/STM32CubeIDE/plugins/com.st.stm32cube.ide.mcu.externaltools.gnu-tools-for-stm32.11.3.rel1.win32_1.1.100.202309141235/tools/bin/../lib/gcc/arm-none-eabi/11.3.1/../../../../arm-none-eabi/lib/thumb/v7e-m+fp/hard\libc_nano.a(libc_a-mallocr.o) (__malloc_lock)
C:/ST/STM32CubeIDE_1.14.1/STM32CubeIDE/plugins/com.st.stm32cube.ide.mcu.externaltools.gnu-tools-for-stm32.11.3.rel1.win32_1.1.100.202309141235/tools/bin/../lib/gcc/arm-none-eabi/11.3.1/../../../../arm-none-eabi/lib/thumb/v7e-m+fp/hard\libc_nano.a(libc_a-findfp.o)
                              C:/ST/STM32CubeIDE_1.14.1/STM32CubeIDE/plugins/com.st.stm32cube.ide.mcu.externaltools.gnu-tools-for-stm32.11.3.rel1.win32_1.1.100.202309141235/tools/bin/../lib/gcc/arm-none-eabi/11.3.1/../../../../arm-none-eabi/lib/thumb/v7e-m+fp/hard\libc_nano.a(libc_a-exit.o) (__stdio_exit_handler)
C:/ST/STM32CubeIDE_1.14.1/STM32CubeIDE/plugins/com.st.stm32cube.ide.mcu.externaltools.gnu-tools-for-stm32.11.3.rel1.win32_1.1.100.202309141235/tools/bin/../lib/gcc/arm-none-eabi/11.3.1/../../../../arm-none-eabi/lib/thumb/v7e-m+fp/hard\libc_nano.a(libc_a-fwalk.o)
                              C:/ST/STM32CubeIDE_1.14.1/STM32CubeIDE/plugins/com.st.stm32cube.ide.mcu.externaltools.gnu-tools-for-stm32.11.3.rel1.win32_1.1.100.202309141235/tools/bin/../lib/gcc/arm-none-eabi/11.3.1/../../../../arm-none-eabi/lib/thumb/v7e-m+fp/hard\libc_nano.a(libc_a-findfp.o) (_fwalk_sglue)
C:/ST/STM32CubeIDE_1.14.1/STM32CubeIDE/plugins/com.st.stm32cube.ide.mcu.externaltools.gnu-tools-for-stm32.11.3.rel1.win32_1.1.100.202309141235/tools/bin/../lib/gcc/arm-none-eabi/11.3.1/../../../../arm-none-eabi/lib/thumb/v7e-m+fp/hard\libc_nano.a(libc_a-snprintf.o)
                              ./MEMS/Target/demo_serial.o (snprintf)
C:/ST/STM32CubeIDE_1.14.1/STM32CubeIDE/plugins/com.st.stm32cube.ide.mcu.externaltools.gnu-tools-for-stm32.11.3.rel1.win32_1.1.100.202309141235/tools/bin/../lib/gcc/arm-none-eabi/11.3.1/../../../../arm-none-eabi/lib/thumb/v7e-m+fp/hard\libc_nano.a(libc_a-stdio.o)
                              C:/ST/STM32CubeIDE_1.14.1/STM32CubeIDE/plugins/com.st.stm32cube.ide.mcu.externaltools.gnu-tools-for-stm32.11.3.rel1.win32_1.1.100.202309141235/tools/bin/../lib/gcc/arm-none-eabi/11.3.1/../../../../arm-none-eabi/lib/thumb/v7e-m+fp/hard\libc_nano.a(libc_a-findfp.o) (__sread)
C:/ST/STM32CubeIDE_1.14.1/STM32CubeIDE/plugins/com.st.stm32cube.ide.mcu.externaltools.gnu-tools-for-stm32.11.3.rel1.win32_1.1.100.202309141235/tools/bin/../lib/gcc/arm-none-eabi/11.3.1/../../../../arm-none-eabi/lib/thumb/v7e-m+fp/hard\libc_nano.a(libc_a-memset.o)
                              C:/ST/STM32CubeIDE_1.14.1/STM32CubeIDE/plugins/com.st.stm32cube.ide.mcu.externaltools.gnu-tools-for-stm32.11.3.rel1.win32_1.1.100.202309141235/tools/bin/../lib/gcc/arm-none-eabi/11.3.1/../../../../arm-none-eabi/lib/thumb/v7e-m+fp/hard/crt0.o (memset)
[...]
Memory Configuration

Name             Origin             Length             Attributes
RAM              0x0000000020000000 0x0000000000018000 xrw
FLASH            0x0000000008000000 0x0000000000080000 xr
*default*        0x0000000000000000 0xffffffffffffffff

Linker script and memory map

LOAD C:/ST/STM32CubeIDE_1.14.1/STM32CubeIDE/plugins/com.st.stm32cube.ide.mcu.externaltools.gnu-tools-for-stm32.11.3.rel1.win32_1.1.100.202309141235/tools/bin/../lib/gcc/arm-none-eabi/11.3.1/thumb/v7e-m+fp/hard/crti.o
LOAD C:/ST/STM32CubeIDE_1.14.1/STM32CubeIDE/plugins/com.st.stm32cube.ide.mcu.externaltools.gnu-tools-for-stm32.11.3.rel1.win32_1.1.100.202309141235/tools/bin/../lib/gcc/arm-none-eabi/11.3.1/thumb/v7e-m+fp/hard/crtbegin.o
LOAD C:/ST/STM32CubeIDE_1.14.1/STM32CubeIDE/plugins/com.st.stm32cube.ide.mcu.externaltools.gnu-tools-for-stm32.11.3.rel1.win32_1.1.100.202309141235/tools/bin/../lib/gcc/arm-none-eabi/11.3.1/../../../../arm-none-eabi/lib/thumb/v7e-m+fp/hard/crt0.o
LOAD ./Core/Src/main.o
LOAD ./Core/Src/stm32f4xx_hal_msp.o
LOAD ./Core/Src/stm32f4xx_it.o
LOAD ./Core/Src/stm32f4xx_nucleo_bus.o
LOAD ./Core/Src/syscalls.o
LOAD ./Core/Src/sysmem.o
LOAD ./Core/Src/system_stm32f4xx.o
LOAD ./Core/Startup/startup_stm32f401retx.o
LOAD ./Drivers/BSP/Components/sths34pf80/sths34pf80.o
LOAD ./Drivers/BSP/Components/sths34pf80/sths34pf80_reg.o
LOAD ./Drivers/BSP/STM32F4xx_Nucleo/stm32f4xx_nucleo.o
LOAD ./Drivers/STM32F4xx_HAL_Driver/Src/stm32f4xx_hal.o
LOAD ./Drivers/STM32F4xx_HAL_Driver/Src/stm32f4xx_hal_adc.o
LOAD ./Drivers/STM32F4xx_HAL_Driver/Src/stm32f4xx_hal_adc_ex.o
LOAD ./Drivers/STM32F4xx_HAL_Driver/Src/stm32f4xx_hal_cortex.o
LOAD ./Drivers/STM32F4xx_HAL_Driver/Src/stm32f4xx_hal_crc.o
LOAD ./Drivers/STM32F4xx_HAL_Driver/Src/stm32f4xx_hal_dma.o
LOAD ./Drivers/STM32F4xx_HAL_Driver/Src/stm32f4xx_hal_dma_ex.o
LOAD ./Drivers/STM32F4xx_HAL_Driver/Src/stm32f4xx_hal_exti.o
LOAD ./Drivers/STM32F4xx_HAL_Driver/Src/stm32f4xx_hal_flash.o
LOAD ./Drivers/STM32F4xx_HAL_Driver/Src/stm32f4xx_hal_flash_ex.o
LOAD ./Drivers/STM32F4xx_HAL_Driver/Src/stm32f4xx_hal_flash_ramfunc.o
LOAD ./Drivers/STM32F4xx_HAL_Driver/Src/stm32f4xx_hal_gpio.o
LOAD ./Drivers/STM32F4xx_HAL_Driver/Src/stm32f4xx_hal_i2c.o
LOAD ./Drivers/STM32F4xx_HAL_Driver/Src/stm32f4xx_hal_i2c_ex.o
LOAD ./Drivers/STM32F4xx_HAL_Driver/Src/stm32f4xx_hal_pwr.o
LOAD ./Drivers/STM32F4xx_HAL_Driver/Src/stm32f4xx_hal_pwr_ex.o
LOAD ./Drivers/STM32F4xx_HAL_Driver/Src/stm32f4xx_hal_rcc.o
LOAD ./Drivers/STM32F4xx_HAL_Driver/Src/stm32f4xx_hal_rcc_ex.o
LOAD ./Drivers/STM32F4xx_HAL_Driver/Src/stm32f4xx_hal_rtc.o
LOAD ./Drivers/STM32F4xx_HAL_Driver/Src/stm32f4xx_hal_rtc_ex.o
LOAD ./Drivers/STM32F4xx_HAL_Driver/Src/stm32f4xx_hal_tim.o
LOAD ./Drivers/STM32F4xx_HAL_Driver/Src/stm32f4xx_hal_tim_ex.o
LOAD ./Drivers/STM32F4xx_HAL_Driver/Src/stm32f4xx_hal_uart.o
LOAD ./Drivers/STM32F4xx_HAL_Driver/Src/stm32f4xx_ll_adc.o
LOAD ./ECUAL/I2C_LCD/I2C_LCD.o
LOAD ./ECUAL/I2C_LCD/I2C_LCD_cfg.o
LOAD ./MEMS/App/app_mems.o
LOAD ./MEMS/Target/com.o
LOAD ./MEMS/Target/custom_mems_control.o
LOAD ./MEMS/Target/custom_mems_control_ex.o
LOAD ./MEMS/Target/demo_serial.o
LOAD ./MEMS/Target/infrared_pd_manager.o
LOAD ./MEMS/Target/serial_protocol.o
LOAD ./util/Util.o
LOAD ../Middlewares/ST/STM32_InfraredPD_Library/Lib\InfraredPD_CM4F_wc32_ot_hard.a
START GROUP
LOAD C:/ST/STM32CubeIDE_1.14.1/STM32CubeIDE/plugins/com.st.stm32cube.ide.mcu.externaltools.gnu-tools-for-stm32.11.3.rel1.win32_1.1.100.202309141235/tools/bin/../lib/gcc/arm-none-eabi/11.3.1/../../../../arm-none-eabi/lib/thumb/v7e-m+fp/hard\libc_nano.a
LOAD C:/ST/STM32CubeIDE_1.14.1/STM32CubeIDE/plugins/com.st.stm32cube.ide.mcu.externaltools.gnu-tools-for-stm32.11.3.rel1.win32_1.1.100.202309141235/tools/bin/../lib/gcc/arm-none-eabi/11.3.1/../../../../arm-none-eabi/lib/thumb/v7e-m+fp/hard\libm.a
END GROUP
START GROUP
LOAD C:/ST/STM32CubeIDE_1.14.1/STM32CubeIDE/plugins/com.st.stm32cube.ide.mcu.externaltools.gnu-tools-for-stm32.11.3.rel1.win32_1.1.100.202309141235/tools/bin/../lib/gcc/arm-none-eabi/11.3.1/thumb/v7e-m+fp/hard\libgcc.a
LOAD C:/ST/STM32CubeIDE_1.14.1/STM32CubeIDE/plugins/com.st.stm32cube.ide.mcu.externaltools.gnu-tools-for-stm32.11.3.rel1.win32_1.1.100.202309141235/tools/bin/../lib/gcc/arm-none-eabi/11.3.1/../../../../arm-none-eabi/lib/thumb/v7e-m+fp/hard\libc_nano.a
END GROUP
START GROUP
LOAD C:/ST/STM32CubeIDE_1.14.1/STM32CubeIDE/plugins/com.st.stm32cube.ide.mcu.externaltools.gnu-tools-for-stm32.11.3.rel1.win32_1.1.100.202309141235/tools/bin/../lib/gcc/arm-none-eabi/11.3.1/thumb/v7e-m+fp/hard\libgcc.a
LOAD C:/ST/STM32CubeIDE_1.14.1/STM32CubeIDE/plugins/com.st.stm32cube.ide.mcu.externaltools.gnu-tools-for-stm32.11.3.rel1.win32_1.1.100.202309141235/tools/bin/../lib/gcc/arm-none-eabi/11.3.1/../../../../arm-none-eabi/lib/thumb/v7e-m+fp/hard\libc_nano.a
LOAD C:/ST/STM32CubeIDE_1.14.1/STM32CubeIDE/plugins/com.st.stm32cube.ide.mcu.externaltools.gnu-tools-for-stm32.11.3.rel1.win32_1.1.100.202309141235/tools/bin/../lib/gcc/arm-none-eabi/11.3.1/../../../../arm-none-eabi/lib/thumb/v7e-m+fp/hard\libnosys.a
END GROUP
START GROUP
LOAD C:/ST/STM32CubeIDE_1.14.1/STM32CubeIDE/plugins/com.st.stm32cube.ide.mcu.externaltools.gnu-tools-for-stm32.11.3.rel1.win32_1.1.100.202309141235/tools/bin/../lib/gcc/arm-none-eabi/11.3.1/thumb/v7e-m+fp/hard\libgcc.a
LOAD C:/ST/STM32CubeIDE_1.14.1/STM32CubeIDE/plugins/com.st.stm32cube.ide.mcu.externaltools.gnu-tools-for-stm32.11.3.rel1.win32_1.1.100.202309141235/tools/bin/../lib/gcc/arm-none-eabi/11.3.1/../../../../arm-none-eabi/lib/thumb/v7e-m+fp/hard\libc_nano.a
LOAD C:/ST/STM32CubeIDE_1.14.1/STM32CubeIDE/plugins/com.st.stm32cube.ide.mcu.externaltools.gnu-tools-for-stm32.11.3.rel1.win32_1.1.100.202309141235/tools/bin/../lib/gcc/arm-none-eabi/11.3.1/../../../../arm-none-eabi/lib/thumb/v7e-m+fp/hard\libnosys.a
END GROUP
LOAD C:/ST/STM32CubeIDE_1.14.1/STM32CubeIDE/plugins/com.st.stm32cube.ide.mcu.externaltools.gnu-tools-for-stm32.11.3.rel1.win32_1.1.100.202309141235/tools/bin/../lib/gcc/arm-none-eabi/11.3.1/thumb/v7e-m+fp/hard/crtend.o
LOAD C:/ST/STM32CubeIDE_1.14.1/STM32CubeIDE/plugins/com.st.stm32cube.ide.mcu.externaltools.gnu-tools-for-stm32.11.3.rel1.win32_1.1.100.202309141235/tools/bin/../lib/gcc/arm-none-eabi/11.3.1/thumb/v7e-m+fp/hard/crtn.o
                0x0000000020018000                _estack = (ORIGIN (RAM) + LENGTH (RAM))
                0x0000000000000200                _Min_Heap_Size = 0x200
                0x0000000000000400                _Min_Stack_Size = 0x400

.isr_vector     0x0000000008000000      0x194
                0x0000000008000000                . = ALIGN (0x4)
 *(.isr_vector)
 .isr_vector    0x0000000008000000      0x194 ./Core/Startup/startup_stm32f401retx.o
                0x0000000008000000                g_pfnVectors
                0x0000000008000194                . = ALIGN (0x4)

.text           0x00000000080001a0     0x7e30
                0x00000000080001a0                . = ALIGN (0x4)
 *(.text)
 .text          0x00000000080001a0       0x40 C:/ST/STM32CubeIDE_1.14.1/STM32CubeIDE/plugins/com.st.stm32cube.ide.mcu.externaltools.gnu-tools-for-stm32.11.3.rel1.win32_1.1.100.202309141235/tools/bin/../lib/gcc/arm-none-eabi/11.3.1/thumb/v7e-m+fp/hard/crtbegin.o
 .text          0x00000000080001e0       0xa0 C:/ST/STM32CubeIDE_1.14.1/STM32CubeIDE/plugins/com.st.stm32cube.ide.mcu.externaltools.gnu-tools-for-stm32.11.3.rel1.win32_1.1.100.202309141235/tools/bin/../lib/gcc/arm-none-eabi/11.3.1/../../../../arm-none-eabi/lib/thumb/v7e-m+fp/hard\libc_nano.a(libc_a-memchr.o)
                0x00000000080001e0                memchr
 .text          0x0000000008000280      0x254 C:/ST/STM32CubeIDE_1.14.1/STM32CubeIDE/plugins/com.st.stm32cube.ide.mcu.externaltools.gnu-tools-for-stm32.11.3.rel1.win32_1.1.100.202309141235/tools/bin/../lib/gcc/arm-none-eabi/11.3.1/thumb/v7e-m+fp/hard\libgcc.a(_arm_muldf3.o)
                0x0000000008000280                __muldf3
                0x0000000008000280                __aeabi_dmul
 .text          0x00000000080004d4      0x378 C:/ST/STM32CubeIDE_1.14.1/STM32CubeIDE/plugins/com.st.stm32cube.ide.mcu.externaltools.gnu-tools-for-stm32.11.3.rel1.win32_1.1.100.202309141235/tools/bin/../lib/gcc/arm-none-eabi/11.3.1/thumb/v7e-m+fp/hard\libgcc.a(_arm_addsubdf3.o)
                0x00000000080004d4                __aeabi_drsub
                0x00000000080004dc                __aeabi_dsub
                0x00000000080004dc                __subdf3
                0x00000000080004e0                __aeabi_dadd
                0x00000000080004e0                __adddf3
                0x0000000008000758                __floatunsidf
                0x0000000008000758                __aeabi_ui2d
                0x0000000008000778                __floatsidf
                0x0000000008000778                __aeabi_i2d
                0x000000000800079c                __aeabi_f2d
                0x000000000800079c                __extendsfdf2
                0x00000000080007e0                __floatundidf
                0x00000000080007e0                __aeabi_ul2d
                0x00000000080007f0                __floatdidf
                0x00000000080007f0                __aeabi_l2d
 .text          0x000000000800084c      0x110 C:/ST/STM32CubeIDE_1.14.1/STM32CubeIDE/plugins/com.st.stm32cube.ide.mcu.externaltools.gnu-tools-for-stm32.11.3.rel1.win32_1.1.100.202309141235/tools/bin/../lib/gcc/arm-none-eabi/11.3.1/thumb/v7e-m+fp/hard\libgcc.a(_arm_cmpdf2.o)
                0x000000000800084c                __gtdf2
                0x000000000800084c                __gedf2
                0x0000000008000854                __ltdf2
                0x0000000008000854                __ledf2
                0x000000000800085c                __nedf2
                0x000000000800085c                __eqdf2
                0x000000000800085c                __cmpdf2
                0x00000000080008d8                __aeabi_cdrcmple
                0x00000000080008e8                __aeabi_cdcmpeq
                0x00000000080008e8                __aeabi_cdcmple
                0x00000000080008f8                __aeabi_dcmpeq
                0x000000000800090c                __aeabi_dcmplt
                0x0000000008000920                __aeabi_dcmple
                0x0000000008000934                __aeabi_dcmpge
                0x0000000008000948                __aeabi_dcmpgt
 .text          0x000000000800095c       0x30 C:/ST/STM32CubeIDE_1.14.1/STM32CubeIDE/plugins/com.st.stm32cube.ide.mcu.externaltools.gnu-tools-for-stm32.11.3.rel1.win32_1.1.100.202309141235/tools/bin/../lib/gcc/arm-none-eabi/11.3.1/thumb/v7e-m+fp/hard\libgcc.a(_aeabi_uldivmod.o)
                0x000000000800095c                __aeabi_uldivmod
 .text          0x000000000800098c      0x2c8 C:/ST/STM32CubeIDE_1.14.1/STM32CubeIDE/plugins/com.st.stm32cube.ide.mcu.externaltools.gnu-tools-for-stm32.11.3.rel1.win32_1.1.100.202309141235/tools/bin/../lib/gcc/arm-none-eabi/11.3.1/thumb/v7e-m+fp/hard\libgcc.a(_udivmoddi4.o)
                0x000000000800098c                __udivmoddi4
 .text          0x0000000008000c54        0x4 C:/ST/STM32CubeIDE_1.14.1/STM32CubeIDE/plugins/com.st.stm32cube.ide.mcu.externaltools.gnu-tools-for-stm32.11.3.rel1.win32_1.1.100.202309141235/tools/bin/../lib/gcc/arm-none-eabi/11.3.1/thumb/v7e-m+fp/hard\libgcc.a(_dvmd_tls.o)
                0x0000000008000c54                __aeabi_idiv0
                0x0000000008000c54                __aeabi_ldiv0
 *(.text*)
 .text.main     0x0000000008000c58       0x2a ./Core/Src/main.o
                0x0000000008000c58                main
 *fill*         0x0000000008000c82        0x2 
 .text.SystemClock_Config
                0x0000000008000c84       0xdc ./Core/Src/main.o
                0x0000000008000c84                SystemClock_Config
 .text.MX_ADC1_Init
                0x0000000008000d60       0xa4 ./Core/Src/main.o
 .text.MX_CRC_Init
                0x0000000008000e04       0x28 ./Core/Src/main.o
 .text.MX_RTC_Init
                0x0000000008000e2c       0x4c ./Core/Src/main.o
 .text.MX_TIM2_Init
                0x0000000008000e78       0xec ./Core/Src/main.o
 .text.MX_TIM5_Init
                0x0000000008000f64       0x9c ./Core/Src/main.o
                0x0000000008000f64                MX_TIM5_Init
 .text.MX_GPIO_Init
                0x0000000008001000       0x88 ./Core/Src/main.o
 .text.Error_Handler
                0x0000000008001088        0xa ./Core/Src/main.o
                0x0000000008001088                Error_Handler
 *fill*         0x0000000008001092        0x2 
 .text.HAL_MspInit
                0x0000000008001094       0x50 ./Core/Src/stm32f4xx_hal_msp.o
                0x0000000008001094                HAL_MspInit
 .text.HAL_ADC_MspInit
                0x00000000080010e4       0x88 ./Core/Src/stm32f4xx_hal_msp.o
                0x00000000080010e4                HAL_ADC_MspInit
 .text.HAL_CRC_MspInit
                0x000000000800116c       0x44 ./Core/Src/stm32f4xx_hal_msp.o
                0x000000000800116c                HAL_CRC_MspInit
 .text.HAL_RTC_MspInit
                0x00000000080011b0       0x58 ./Core/Src/stm32f4xx_hal_msp.o
                0x00000000080011b0                HAL_RTC_MspInit
 .text.HAL_TIM_Base_MspInit
                0x0000000008001208       0xa4 ./Core/Src/stm32f4xx_hal_msp.o
                0x0000000008001208                HAL_TIM_Base_MspInit
 .text.HAL_TIM_MspPostInit
                0x00000000080012ac       0xfc ./Core/Src/stm32f4xx_hal_msp.o
                0x00000000080012ac                HAL_TIM_MspPostInit
 .text.NMI_Handler
                0x00000000080013a8        0x6 ./Core/Src/stm32f4xx_it.o
                0x00000000080013a8                NMI_Handler
 .text.HardFault_Handler
                0x00000000080013ae        0x6 ./Core/Src/stm32f4xx_it.o
                0x00000000080013ae                HardFault_Handler
 .text.MemManage_Handler
                0x00000000080013b4        0x6 ./Core/Src/stm32f4xx_it.o
                0x00000000080013b4                MemManage_Handler
 .text.BusFault_Handler
                0x00000000080013ba        0x6 ./Core/Src/stm32f4xx_it.o
                0x00000000080013ba                BusFault_Handler
 .text.UsageFault_Handler
                0x00000000080013c0        0x6 ./Core/Src/stm32f4xx_it.o
                0x00000000080013c0                UsageFault_Handler
 .text.SVC_Handler
                0x00000000080013c6        0xe ./Core/Src/stm32f4xx_it.o
                0x00000000080013c6                SVC_Handler
 .text.DebugMon_Handler
                0x00000000080013d4        0xe ./Core/Src/stm32f4xx_it.o
                0x00000000080013d4                DebugMon_Handler
 .text.PendSV_Handler
                0x00000000080013e2        0xe ./Core/Src/stm32f4xx_it.o
                0x00000000080013e2                PendSV_Handler
 .text.SysTick_Handler
                0x00000000080013f0        0xc ./Core/Src/stm32f4xx_it.o
                0x00000000080013f0                SysTick_Handler
 .text.TIM3_IRQHandler
                0x00000000080013fc       0x14 ./Core/Src/stm32f4xx_it.o
                0x00000000080013fc                TIM3_IRQHandler
 .text._sbrk    0x0000000008001410       0x6c ./Core/Src/sysmem.o
                0x0000000008001410                _sbrk
 .text.SystemInit
                0x000000000800147c       0x24 ./Core/Src/system_stm32f4xx.o
                0x000000000800147c                SystemInit
 .text.Reset_Handler
                0x00000000080014a0       0x50 ./Core/Startup/startup_stm32f401retx.o
                0x00000000080014a0                Reset_Handler
 .text.Default_Handler
                0x00000000080014f0        0x2 ./Core/Startup/startup_stm32f401retx.o
                0x00000000080014f0                RTC_Alarm_IRQHandler
                0x00000000080014f0                EXTI2_IRQHandler
                0x00000000080014f0                SPI4_IRQHandler
                0x00000000080014f0                TIM1_CC_IRQHandler
                0x00000000080014f0                DMA2_Stream5_IRQHandler
                0x00000000080014f0                DMA1_Stream5_IRQHandler
                0x00000000080014f0                PVD_IRQHandler
                0x00000000080014f0                SDIO_IRQHandler
                0x00000000080014f0                TAMP_STAMP_IRQHandler
                0x00000000080014f0                EXTI3_IRQHandler
                0x00000000080014f0                TIM1_UP_TIM10_IRQHandler
                0x00000000080014f0                I2C3_ER_IRQHandler
                0x00000000080014f0                EXTI0_IRQHandler
                0x00000000080014f0                I2C2_EV_IRQHandler
                0x00000000080014f0                DMA1_Stream2_IRQHandler
                0x00000000080014f0                FPU_IRQHandler
                0x00000000080014f0                DMA2_Stream2_IRQHandler
                0x00000000080014f0                SPI1_IRQHandler
                0x00000000080014f0                TIM1_BRK_TIM9_IRQHandler
                0x00000000080014f0                DMA2_Stream3_IRQHandler
                0x00000000080014f0                USART6_IRQHandler
                0x00000000080014f0                DMA2_Stream0_IRQHandler
                0x00000000080014f0                TIM4_IRQHandler
                0x00000000080014f0                I2C1_EV_IRQHandler
                0x00000000080014f0                DMA1_Stream6_IRQHandler
                0x00000000080014f0                DMA1_Stream1_IRQHandler
                0x00000000080014f0                RCC_IRQHandler
                0x00000000080014f0                Default_Handler
                0x00000000080014f0                EXTI15_10_IRQHandler
                0x00000000080014f0                ADC_IRQHandler
                0x00000000080014f0                DMA1_Stream7_IRQHandler
                0x00000000080014f0                TIM5_IRQHandler
                0x00000000080014f0                DMA2_Stream7_IRQHandler
                0x00000000080014f0                I2C3_EV_IRQHandler
                0x00000000080014f0                EXTI9_5_IRQHandler
                0x00000000080014f0                RTC_WKUP_IRQHandler
                0x00000000080014f0                SPI2_IRQHandler
                0x00000000080014f0                DMA1_Stream0_IRQHandler
                0x00000000080014f0                EXTI4_IRQHandler
                0x00000000080014f0                WWDG_IRQHandler
                0x00000000080014f0                TIM2_IRQHandler
                0x00000000080014f0                OTG_FS_WKUP_IRQHandler
                0x00000000080014f0                TIM1_TRG_COM_TIM11_IRQHandler
                0x00000000080014f0                EXTI1_IRQHandler
                0x00000000080014f0                USART2_IRQHandler
                0x00000000080014f0                I2C2_ER_IRQHandler
                0x00000000080014f0                DMA2_Stream1_IRQHandler
                0x00000000080014f0                FLASH_IRQHandler
                0x00000000080014f0                DMA2_Stream4_IRQHandler
                0x00000000080014f0                USART1_IRQHandler
                0x00000000080014f0                OTG_FS_IRQHandler
                0x00000000080014f0                SPI3_IRQHandler
                0x00000000080014f0                DMA1_Stream4_IRQHandler
                0x00000000080014f0                I2C1_ER_IRQHandler
                0x00000000080014f0                DMA2_Stream6_IRQHandler
                0x00000000080014f0                DMA1_Stream3_IRQHandler
 *fill*         0x00000000080014f2        0x2 
 .text.BSP_LED_Init
                0x00000000080014f4       0x24 ./Drivers/BSP/STM32F4xx_Nucleo/stm32f4xx_nucleo.o
                0x00000000080014f4                BSP_LED_Init
 .text.BSP_LED_On
                0x0000000008001518       0x2c ./Drivers/BSP/STM32F4xx_Nucleo/stm32f4xx_nucleo.o
                0x0000000008001518                BSP_LED_On
 .text.BSP_LED_Off
                0x0000000008001544       0x2c ./Drivers/BSP/STM32F4xx_Nucleo/stm32f4xx_nucleo.o
                0x0000000008001544                BSP_LED_Off
 .text.LED_USER_GPIO_Init
                0x0000000008001570       0x84 ./Drivers/BSP/STM32F4xx_Nucleo/stm32f4xx_nucleo.o
 .text.BSP_COM_Init
                0x00000000080015f4       0x7c ./Drivers/BSP/STM32F4xx_Nucleo/stm32f4xx_nucleo.o
                0x00000000080015f4                BSP_COM_Init
 .text.MX_USART1_UART_Init
                0x0000000008001670       0x5c ./Drivers/BSP/STM32F4xx_Nucleo/stm32f4xx_nucleo.o
                0x0000000008001670                MX_USART1_UART_Init
 .text.USART1_MspInit
                0x00000000080016cc       0x94 ./Drivers/BSP/STM32F4xx_Nucleo/stm32f4xx_nucleo.o
 .text.HAL_Init
                0x0000000008001760       0x44 ./Drivers/STM32F4xx_HAL_Driver/Src/stm32f4xx_hal.o
                0x0000000008001760                HAL_Init
 .text.HAL_InitTick
                0x00000000080017a4       0x60 ./Drivers/STM32F4xx_HAL_Driver/Src/stm32f4xx_hal.o
                0x00000000080017a4                HAL_InitTick
 .text.HAL_IncTick
                0x0000000008001804       0x28 ./Drivers/STM32F4xx_HAL_Driver/Src/stm32f4xx_hal.o
                0x0000000008001804                HAL_IncTick
 .text.HAL_GetTick
                0x000000000800182c       0x18 ./Drivers/STM32F4xx_HAL_Driver/Src/stm32f4xx_hal.o
                0x000000000800182c                HAL_GetTick
 .text.HAL_Delay
                0x0000000008001844       0x48 ./Drivers/STM32F4xx_HAL_Driver/Src/stm32f4xx_hal.o
                0x0000000008001844                HAL_Delay
 .text.HAL_ADC_Init
                0x000000000800188c       0x86 ./Drivers/STM32F4xx_HAL_Driver/Src/stm32f4xx_hal_adc.o
                0x000000000800188c                HAL_ADC_Init
 *fill*         0x0000000008001912        0x2 
 .text.HAL_ADC_ConfigChannel
                0x0000000008001914      0x244 ./Drivers/STM32F4xx_HAL_Driver/Src/stm32f4xx_hal_adc.o
                0x0000000008001914                HAL_ADC_ConfigChannel
 .text.ADC_Init
                0x0000000008001b58      0x1f8 ./Drivers/STM32F4xx_HAL_Driver/Src/stm32f4xx_hal_adc.o
 .text.__NVIC_SetPriorityGrouping
                0x0000000008001d50       0x48 ./Drivers/STM32F4xx_HAL_Driver/Src/stm32f4xx_hal_cortex.o
 .text.__NVIC_GetPriorityGrouping
                0x0000000008001d98       0x1c ./Drivers/STM32F4xx_HAL_Driver/Src/stm32f4xx_hal_cortex.o
 .text.__NVIC_EnableIRQ
                0x0000000008001db4       0x3c ./Drivers/STM32F4xx_HAL_Driver/Src/stm32f4xx_hal_cortex.o
 .text.__NVIC_SetPriority
                0x0000000008001df0       0x54 ./Drivers/STM32F4xx_HAL_Driver/Src/stm32f4xx_hal_cortex.o
 .text.NVIC_EncodePriority
                0x0000000008001e44       0x66 ./Drivers/STM32F4xx_HAL_Driver/Src/stm32f4xx_hal_cortex.o
 *fill*         0x0000000008001eaa        0x2 
 .text.SysTick_Config
                0x0000000008001eac       0x44 ./Drivers/STM32F4xx_HAL_Driver/Src/stm32f4xx_hal_cortex.o
 .text.HAL_NVIC_SetPriorityGrouping
                0x0000000008001ef0       0x16 ./Drivers/STM32F4xx_HAL_Driver/Src/stm32f4xx_hal_cortex.o
                0x0000000008001ef0                HAL_NVIC_SetPriorityGrouping
 .text.HAL_NVIC_SetPriority
                0x0000000008001f06       0x38 ./Drivers/STM32F4xx_HAL_Driver/Src/stm32f4xx_hal_cortex.o
                0x0000000008001f06                HAL_NVIC_SetPriority
 .text.HAL_NVIC_EnableIRQ
                0x0000000008001f3e       0x1c ./Drivers/STM32F4xx_HAL_Driver/Src/stm32f4xx_hal_cortex.o
                0x0000000008001f3e                HAL_NVIC_EnableIRQ
 .text.HAL_SYSTICK_Config
                0x0000000008001f5a       0x18 ./Drivers/STM32F4xx_HAL_Driver/Src/stm32f4xx_hal_cortex.o
                0x0000000008001f5a                HAL_SYSTICK_Config
 .text.HAL_CRC_Init
                0x0000000008001f72       0x38 ./Drivers/STM32F4xx_HAL_Driver/Src/stm32f4xx_hal_crc.o
                0x0000000008001f72                HAL_CRC_Init
 .text.HAL_DMA_Start_IT
                0x0000000008001faa       0xb0 ./Drivers/STM32F4xx_HAL_Driver/Src/stm32f4xx_hal_dma.o
                0x0000000008001faa                HAL_DMA_Start_IT
 .text.DMA_SetConfig
                0x000000000800205a       0x5c ./Drivers/STM32F4xx_HAL_Driver/Src/stm32f4xx_hal_dma.o
 *fill*         0x00000000080020b6        0x2 
 .text.HAL_GPIO_Init
                0x00000000080020b8      0x308 ./Drivers/STM32F4xx_HAL_Driver/Src/stm32f4xx_hal_gpio.o
                0x00000000080020b8                HAL_GPIO_Init
 .text.HAL_GPIO_WritePin
                0x00000000080023c0       0x32 ./Drivers/STM32F4xx_HAL_Driver/Src/stm32f4xx_hal_gpio.o
                0x00000000080023c0                HAL_GPIO_WritePin
 *fill*         0x00000000080023f2        0x2 
 .text.HAL_RCC_OscConfig
                0x00000000080023f4      0x4f0 ./Drivers/STM32F4xx_HAL_Driver/Src/stm32f4xx_hal_rcc.o
                0x00000000080023f4                HAL_RCC_OscConfig
 .text.HAL_RCC_ClockConfig
                0x00000000080028e4      0x1cc ./Drivers/STM32F4xx_HAL_Driver/Src/stm32f4xx_hal_rcc.o
                0x00000000080028e4                HAL_RCC_ClockConfig
 .text.HAL_RCC_GetSysClockFreq
                0x0000000008002ab0      0x20c ./Drivers/STM32F4xx_HAL_Driver/Src/stm32f4xx_hal_rcc.o
                0x0000000008002ab0                HAL_RCC_GetSysClockFreq
 .text.HAL_RCC_GetHCLKFreq
                0x0000000008002cbc       0x18 ./Drivers/STM32F4xx_HAL_Driver/Src/stm32f4xx_hal_rcc.o
                0x0000000008002cbc                HAL_RCC_GetHCLKFreq
 .text.HAL_RCC_GetPCLK1Freq
                0x0000000008002cd4       0x28 ./Drivers/STM32F4xx_HAL_Driver/Src/stm32f4xx_hal_rcc.o
                0x0000000008002cd4                HAL_RCC_GetPCLK1Freq
 .text.HAL_RCC_GetPCLK2Freq
                0x0000000008002cfc       0x28 ./Drivers/STM32F4xx_HAL_Driver/Src/stm32f4xx_hal_rcc.o
                0x0000000008002cfc                HAL_RCC_GetPCLK2Freq
 .text.HAL_RCCEx_PeriphCLKConfig
                0x0000000008002d24      0x1dc ./Drivers/STM32F4xx_HAL_Driver/Src/stm32f4xx_hal_rcc_ex.o
                0x0000000008002d24                HAL_RCCEx_PeriphCLKConfig
 .text.HAL_RTC_Init
                0x0000000008002f00      0x106 ./Drivers/STM32F4xx_HAL_Driver/Src/stm32f4xx_hal_rtc.o
                0x0000000008002f00                HAL_RTC_Init
 .text.HAL_RTC_SetTime
                0x0000000008003006      0x134 ./Drivers/STM32F4xx_HAL_Driver/Src/stm32f4xx_hal_rtc.o
                0x0000000008003006                HAL_RTC_SetTime
 .text.HAL_RTC_GetTime
                0x000000000800313a       0xbc ./Drivers/STM32F4xx_HAL_Driver/Src/stm32f4xx_hal_rtc.o
                0x000000000800313a                HAL_RTC_GetTime
 .text.HAL_RTC_SetDate
                0x00000000080031f6      0x108 ./Drivers/STM32F4xx_HAL_Driver/Src/stm32f4xx_hal_rtc.o
                0x00000000080031f6                HAL_RTC_SetDate
 .text.HAL_RTC_GetDate
                0x00000000080032fe       0x9e ./Drivers/STM32F4xx_HAL_Driver/Src/stm32f4xx_hal_rtc.o
                0x00000000080032fe                HAL_RTC_GetDate
 .text.HAL_RTC_WaitForSynchro
                0x000000000800339c       0x4c ./Drivers/STM32F4xx_HAL_Driver/Src/stm32f4xx_hal_rtc.o
                0x000000000800339c                HAL_RTC_WaitForSynchro
 .text.RTC_EnterInitMode
                0x00000000080033e8       0x6e ./Drivers/STM32F4xx_HAL_Driver/Src/stm32f4xx_hal_rtc.o
                0x00000000080033e8                RTC_EnterInitMode
 .text.RTC_ExitInitMode
                0x0000000008003456       0x4a ./Drivers/STM32F4xx_HAL_Driver/Src/stm32f4xx_hal_rtc.o
                0x0000000008003456                RTC_ExitInitMode
 .text.RTC_ByteToBcd2
                0x00000000080034a0       0x3c ./Drivers/STM32F4xx_HAL_Driver/Src/stm32f4xx_hal_rtc.o
                0x00000000080034a0                RTC_ByteToBcd2
 .text.RTC_Bcd2ToByte
                0x00000000080034dc       0x3c ./Drivers/STM32F4xx_HAL_Driver/Src/stm32f4xx_hal_rtc.o
                0x00000000080034dc                RTC_Bcd2ToByte
 .text.HAL_TIM_Base_Init
                0x0000000008003518       0x9e ./Drivers/STM32F4xx_HAL_Driver/Src/stm32f4xx_hal_tim.o
                0x0000000008003518                HAL_TIM_Base_Init
 *fill*         0x00000000080035b6        0x2 
 .text.HAL_TIM_Base_Start_IT
                0x00000000080035b8       0xc4 ./Drivers/STM32F4xx_HAL_Driver/Src/stm32f4xx_hal_tim.o
                0x00000000080035b8                HAL_TIM_Base_Start_IT
 .text.HAL_TIM_Base_Stop_IT
                0x000000000800367c       0x5e ./Drivers/STM32F4xx_HAL_Driver/Src/stm32f4xx_hal_tim.o
                0x000000000800367c                HAL_TIM_Base_Stop_IT
 .text.HAL_TIM_PWM_Init
                0x00000000080036da       0x9e ./Drivers/STM32F4xx_HAL_Driver/Src/stm32f4xx_hal_tim.o
                0x00000000080036da                HAL_TIM_PWM_Init
 .text.HAL_TIM_PWM_MspInit
                0x0000000008003778       0x14 ./Drivers/STM32F4xx_HAL_Driver/Src/stm32f4xx_hal_tim.o
                0x0000000008003778                HAL_TIM_PWM_MspInit
 .text.HAL_TIM_IRQHandler
                0x000000000800378c      0x1e0 ./Drivers/STM32F4xx_HAL_Driver/Src/stm32f4xx_hal_tim.o
                0x000000000800378c                HAL_TIM_IRQHandler
 .text.HAL_TIM_PWM_ConfigChannel
                0x000000000800396c      0x184 ./Drivers/STM32F4xx_HAL_Driver/Src/stm32f4xx_hal_tim.o
                0x000000000800396c                HAL_TIM_PWM_ConfigChannel
 .text.HAL_TIM_ConfigClockSource
                0x0000000008003af0      0x18e ./Drivers/STM32F4xx_HAL_Driver/Src/stm32f4xx_hal_tim.o
                0x0000000008003af0                HAL_TIM_ConfigClockSource
 .text.HAL_TIM_OC_DelayElapsedCallback
                0x0000000008003c7e       0x14 ./Drivers/STM32F4xx_HAL_Driver/Src/stm32f4xx_hal_tim.o
                0x0000000008003c7e                HAL_TIM_OC_DelayElapsedCallback
 .text.HAL_TIM_IC_CaptureCallback
                0x0000000008003c92       0x14 ./Drivers/STM32F4xx_HAL_Driver/Src/stm32f4xx_hal_tim.o
                0x0000000008003c92                HAL_TIM_IC_CaptureCallback
 .text.HAL_TIM_PWM_PulseFinishedCallback
                0x0000000008003ca6       0x14 ./Drivers/STM32F4xx_HAL_Driver/Src/stm32f4xx_hal_tim.o
                0x0000000008003ca6                HAL_TIM_PWM_PulseFinishedCallback
 .text.HAL_TIM_TriggerCallback
                0x0000000008003cba       0x14 ./Drivers/STM32F4xx_HAL_Driver/Src/stm32f4xx_hal_tim.o
                0x0000000008003cba                HAL_TIM_TriggerCallback
 *fill*         0x0000000008003cce        0x2 
 .text.TIM_Base_SetConfig
                0x0000000008003cd0      0x118 ./Drivers/STM32F4xx_HAL_Driver/Src/stm32f4xx_hal_tim.o
                0x0000000008003cd0                TIM_Base_SetConfig
 .text.TIM_OC1_SetConfig
                0x0000000008003de8       0xcc ./Drivers/STM32F4xx_HAL_Driver/Src/stm32f4xx_hal_tim.o
 .text.TIM_OC2_SetConfig
                0x0000000008003eb4       0xd8 ./Drivers/STM32F4xx_HAL_Driver/Src/stm32f4xx_hal_tim.o
                0x0000000008003eb4                TIM_OC2_SetConfig
 .text.TIM_OC3_SetConfig
                0x0000000008003f8c       0xd4 ./Drivers/STM32F4xx_HAL_Driver/Src/stm32f4xx_hal_tim.o
 .text.TIM_OC4_SetConfig
                0x0000000008004060       0xa0 ./Drivers/STM32F4xx_HAL_Driver/Src/stm32f4xx_hal_tim.o
 .text.TIM_TI1_ConfigInputStage
                0x0000000008004100       0x5e ./Drivers/STM32F4xx_HAL_Driver/Src/stm32f4xx_hal_tim.o
 .text.TIM_TI2_ConfigInputStage
                0x000000000800415e       0x60 ./Drivers/STM32F4xx_HAL_Driver/Src/stm32f4xx_hal_tim.o
 .text.TIM_ITRx_SetConfig
                0x00000000080041be       0x36 ./Drivers/STM32F4xx_HAL_Driver/Src/stm32f4xx_hal_tim.o
 .text.TIM_ETR_SetConfig
                0x00000000080041f4       0x40 ./Drivers/STM32F4xx_HAL_Driver/Src/stm32f4xx_hal_tim.o
                0x00000000080041f4                TIM_ETR_SetConfig
 .text.HAL_TIMEx_MasterConfigSynchronization
                0x0000000008004234       0xdc ./Drivers/STM32F4xx_HAL_Driver/Src/stm32f4xx_hal_tim_ex.o
                0x0000000008004234                HAL_TIMEx_MasterConfigSynchronization
 .text.HAL_TIMEx_CommutCallback
                0x0000000008004310       0x14 ./Drivers/STM32F4xx_HAL_Driver/Src/stm32f4xx_hal_tim_ex.o
                0x0000000008004310                HAL_TIMEx_CommutCallback
 .text.HAL_TIMEx_BreakCallback
                0x0000000008004324       0x14 ./Drivers/STM32F4xx_HAL_Driver/Src/stm32f4xx_hal_tim_ex.o
                0x0000000008004324                HAL_TIMEx_BreakCallback
 .text.HAL_UART_Init
                0x0000000008004338       0xa0 ./Drivers/STM32F4xx_HAL_Driver/Src/stm32f4xx_hal_uart.o
                0x0000000008004338                HAL_UART_Init
 .text.HAL_UART_MspInit
                0x00000000080043d8       0x14 ./Drivers/STM32F4xx_HAL_Driver/Src/stm32f4xx_hal_uart.o
                0x00000000080043d8                HAL_UART_MspInit
 .text.HAL_UART_Transmit
                0x00000000080043ec      0x116 ./Drivers/STM32F4xx_HAL_Driver/Src/stm32f4xx_hal_uart.o
                0x00000000080043ec                HAL_UART_Transmit
 .text.HAL_UART_Receive_DMA
                0x0000000008004502       0x4a ./Drivers/STM32F4xx_HAL_Driver/Src/stm32f4xx_hal_uart.o
                0x0000000008004502                HAL_UART_Receive_DMA
 .text.HAL_UART_RxCpltCallback
                0x000000000800454c       0x14 ./Drivers/STM32F4xx_HAL_Driver/Src/stm32f4xx_hal_uart.o
                0x000000000800454c                HAL_UART_RxCpltCallback
 .text.HAL_UART_RxHalfCpltCallback
                0x0000000008004560       0x14 ./Drivers/STM32F4xx_HAL_Driver/Src/stm32f4xx_hal_uart.o
                0x0000000008004560                HAL_UART_RxHalfCpltCallback
 .text.HAL_UART_ErrorCallback
                0x0000000008004574       0x14 ./Drivers/STM32F4xx_HAL_Driver/Src/stm32f4xx_hal_uart.o
                0x0000000008004574                HAL_UART_ErrorCallback
 .text.HAL_UARTEx_RxEventCallback
                0x0000000008004588       0x18 ./Drivers/STM32F4xx_HAL_Driver/Src/stm32f4xx_hal_uart.o
                0x0000000008004588                HAL_UARTEx_RxEventCallback
 .text.UART_DMAReceiveCplt
                0x00000000080045a0      0x12c ./Drivers/STM32F4xx_HAL_Driver/Src/stm32f4xx_hal_uart.o
 .text.UART_DMARxHalfCplt
                0x00000000080046cc       0x3c ./Drivers/STM32F4xx_HAL_Driver/Src/stm32f4xx_hal_uart.o
 .text.UART_DMAError
                0x0000000008004708       0x94 ./Drivers/STM32F4xx_HAL_Driver/Src/stm32f4xx_hal_uart.o
 .text.UART_WaitOnFlagUntilTimeout
                0x000000000800479c       0xb2 ./Drivers/STM32F4xx_HAL_Driver/Src/stm32f4xx_hal_uart.o
 *fill*         0x000000000800484e        0x2 
 .text.UART_Start_Receive_DMA
                0x0000000008004850      0x134 ./Drivers/STM32F4xx_HAL_Driver/Src/stm32f4xx_hal_uart.o
                0x0000000008004850                UART_Start_Receive_DMA
 .text.UART_EndTxTransfer
                0x0000000008004984       0x50 ./Drivers/STM32F4xx_HAL_Driver/Src/stm32f4xx_hal_uart.o
 .text.UART_EndRxTransfer
                0x00000000080049d4       0xc6 ./Drivers/STM32F4xx_HAL_Driver/Src/stm32f4xx_hal_uart.o
 *fill*         0x0000000008004a9a        0x2 
 .text.UART_SetConfig
                0x0000000008004a9c      0x4e8 ./Drivers/STM32F4xx_HAL_Driver/Src/stm32f4xx_hal_uart.o
 .text.MX_MEMS_Init
                0x0000000008004f84        0xc ./MEMS/App/app_mems.o
                0x0000000008004f84                MX_MEMS_Init
 .text.MX_MEMS_Process
                0x0000000008004f90        0xc ./MEMS/App/app_mems.o
                0x0000000008004f90                MX_MEMS_Process
 .text.HAL_TIM_PeriodElapsedCallback
                0x0000000008004f9c       0x30 ./MEMS/App/app_mems.o
                0x0000000008004f9c                HAL_TIM_PeriodElapsedCallback
 .text.MX_PresenceDetection_Init
                0x0000000008004fcc       0x84 ./MEMS/App/app_mems.o
 .text.MX_PresenceDetection_Process
                0x0000000008005050       0xd8 ./MEMS/App/app_mems.o
 .text.Init_Sensors
                0x0000000008005128       0x2e ./MEMS/App/app_mems.o
 *fill*         0x0000000008005156        0x2 
 .text.RTC_Handler
                0x0000000008005158       0xe8 ./MEMS/App/app_mems.o
 .text.PD_Data_Handler
                0x0000000008005240       0xb0 ./MEMS/App/app_mems.o
 .text.Infrared_Sensor_Handler
                0x00000000080052f0       0x5c ./MEMS/App/app_mems.o
 .text.TIM_Config
                0x000000000800534c       0x68 ./MEMS/App/app_mems.o
 .text.DWT_Init
                0x00000000080053b4       0x30 ./MEMS/App/app_mems.o
 .text.DWT_Start
                0x00000000080053e4       0x24 ./MEMS/App/app_mems.o
 .text.DWT_Stop
                0x0000000008005408       0x50 ./MEMS/App/app_mems.o
 .text.UART_ReceivedMSG
                0x0000000008005458      0x16c ./MEMS/Target/com.o
                0x0000000008005458                UART_ReceivedMSG
 .text.UART_SendMsg
                0x00000000080055c4       0x38 ./MEMS/Target/com.o
                0x00000000080055c4                UART_SendMsg
 .text.UART_StartReceiveMsg
                0x00000000080055fc       0x30 ./MEMS/Target/com.o
                0x00000000080055fc                UART_StartReceiveMsg
 .text.Get_DMA_Flag_Status
                0x000000000800562c      0x3c4 ./MEMS/Target/com.o
 .text.Get_DMA_Counter
                0x00000000080059f0       0x1a ./MEMS/Target/com.o
 .text.BSP_SENSOR_ACC_Init
                0x0000000008005a0a        0xe ./MEMS/Target/custom_mems_control.o
                0x0000000008005a0a                BSP_SENSOR_ACC_Init
 .text.BSP_SENSOR_GYR_Init
                0x0000000008005a18        0xe ./MEMS/Target/custom_mems_control.o
                0x0000000008005a18                BSP_SENSOR_GYR_Init
 .text.BSP_SENSOR_MAG_Init
                0x0000000008005a26        0xe ./MEMS/Target/custom_mems_control.o
                0x0000000008005a26                BSP_SENSOR_MAG_Init
 .text.BSP_SENSOR_PRESS_Init
                0x0000000008005a34        0xe ./MEMS/Target/custom_mems_control.o
                0x0000000008005a34                BSP_SENSOR_PRESS_Init
 .text.BSP_SENSOR_TEMP_Init
                0x0000000008005a42        0xe ./MEMS/Target/custom_mems_control.o
                0x0000000008005a42                BSP_SENSOR_TEMP_Init
 .text.BSP_SENSOR_HUM_Init
                0x0000000008005a50        0xe ./MEMS/Target/custom_mems_control.o
                0x0000000008005a50                BSP_SENSOR_HUM_Init
 .text.BSP_SENSOR_ACC_Enable
                0x0000000008005a5e        0xe ./MEMS/Target/custom_mems_control.o
                0x0000000008005a5e                BSP_SENSOR_ACC_Enable
 .text.BSP_SENSOR_GYR_Enable
                0x0000000008005a6c        0xe ./MEMS/Target/custom_mems_control.o
                0x0000000008005a6c                BSP_SENSOR_GYR_Enable
 .text.BSP_SENSOR_MAG_Enable
                0x0000000008005a7a        0xe ./MEMS/Target/custom_mems_control.o
                0x0000000008005a7a                BSP_SENSOR_MAG_Enable
 .text.BSP_SENSOR_PRESS_Enable
                0x0000000008005a88        0xe ./MEMS/Target/custom_mems_control.o
                0x0000000008005a88                BSP_SENSOR_PRESS_Enable
 .text.BSP_SENSOR_TEMP_Enable
                0x0000000008005a96        0xe ./MEMS/Target/custom_mems_control.o
                0x0000000008005a96                BSP_SENSOR_TEMP_Enable
 .text.BSP_SENSOR_HUM_Enable
                0x0000000008005aa4        0xe ./MEMS/Target/custom_mems_control.o
                0x0000000008005aa4                BSP_SENSOR_HUM_Enable
 .text.BSP_SENSOR_ACC_Disable
                0x0000000008005ab2        0xe ./MEMS/Target/custom_mems_control.o
                0x0000000008005ab2                BSP_SENSOR_ACC_Disable
 .text.BSP_SENSOR_GYR_Disable
                0x0000000008005ac0        0xe ./MEMS/Target/custom_mems_control.o
                0x0000000008005ac0                BSP_SENSOR_GYR_Disable
 .text.BSP_SENSOR_MAG_Disable
                0x0000000008005ace        0xe ./MEMS/Target/custom_mems_control.o
                0x0000000008005ace                BSP_SENSOR_MAG_Disable
 .text.BSP_SENSOR_PRESS_Disable
                0x0000000008005adc        0xe ./MEMS/Target/custom_mems_control.o
                0x0000000008005adc                BSP_SENSOR_PRESS_Disable
 .text.BSP_SENSOR_TEMP_Disable
                0x0000000008005aea        0xe ./MEMS/Target/custom_mems_control.o
                0x0000000008005aea                BSP_SENSOR_TEMP_Disable
 .text.BSP_SENSOR_HUM_Disable
                0x0000000008005af8        0xe ./MEMS/Target/custom_mems_control.o
                0x0000000008005af8                BSP_SENSOR_HUM_Disable
 .text.BSP_SENSOR_TEMP_SetOutputDataRate
                0x0000000008005b06       0x16 ./MEMS/Target/custom_mems_control.o
                0x0000000008005b06                BSP_SENSOR_TEMP_SetOutputDataRate
 .text.BSP_SENSOR_TEMP_GetTAmbRaw
                0x0000000008005b1c       0x14 ./MEMS/Target/custom_mems_control_ex.o
                0x0000000008005b1c                BSP_SENSOR_TEMP_GetTAmbRaw
 .text.BSP_SENSOR_TEMP_GetTObjRaw
                0x0000000008005b30       0x14 ./MEMS/Target/custom_mems_control_ex.o
                0x0000000008005b30                BSP_SENSOR_TEMP_GetTObjRaw
 .text.BSP_SENSOR_TEMP_GetAvgTmos
                0x0000000008005b44       0x14 ./MEMS/Target/custom_mems_control_ex.o
                0x0000000008005b44                BSP_SENSOR_TEMP_GetAvgTmos
 .text.BSP_SENSOR_TEMP_SetAvgTmos
                0x0000000008005b58       0x16 ./MEMS/Target/custom_mems_control_ex.o
                0x0000000008005b58                BSP_SENSOR_TEMP_SetAvgTmos
 .text.BSP_SENSOR_TEMP_GetAvgT
                0x0000000008005b6e       0x14 ./MEMS/Target/custom_mems_control_ex.o
                0x0000000008005b6e                BSP_SENSOR_TEMP_GetAvgT
 .text.BSP_SENSOR_TEMP_GetGainFactor
                0x0000000008005b82       0x14 ./MEMS/Target/custom_mems_control_ex.o
                0x0000000008005b82                BSP_SENSOR_TEMP_GetGainFactor
 .text.BSP_SENSOR_TEMP_GetSensitivity
                0x0000000008005b96       0x14 ./MEMS/Target/custom_mems_control_ex.o
                0x0000000008005b96                BSP_SENSOR_TEMP_GetSensitivity
 .text.BUILD_REPLY_HEADER
                0x0000000008005baa       0x2e ./MEMS/Target/demo_serial.o
                0x0000000008005baa                BUILD_REPLY_HEADER
 .text.INIT_STREAMING_HEADER
                0x0000000008005bd8       0x34 ./MEMS/Target/demo_serial.o
                0x0000000008005bd8                INIT_STREAMING_HEADER
 .text.HandleMSG
                0x0000000008005c0c      0x6d8 ./MEMS/Target/demo_serial.o
                0x0000000008005c0c                HandleMSG
 .text.RTC_DateRegulate
                0x00000000080062e4       0x54 ./MEMS/Target/demo_serial.o
                0x00000000080062e4                RTC_DateRegulate
 .text.RTC_TimeRegulate
                0x0000000008006338       0x54 ./MEMS/Target/demo_serial.o
                0x0000000008006338                RTC_TimeRegulate
 .text.Get_PresentationString
                0x000000000800638c       0x80 ./MEMS/Target/demo_serial.o
                0x000000000800638c                Get_PresentationString
 .text.InfraredPD_manager_init
                0x000000000800640c       0x78 ./MEMS/Target/infrared_pd_manager.o
                0x000000000800640c                InfraredPD_manager_init
 .text.InfraredPD_manager_run
                0x0000000008006484       0x24 ./MEMS/Target/infrared_pd_manager.o
                0x0000000008006484                InfraredPD_manager_run
 .text.InfraredPD_manager_get_version
                0x00000000080064a8       0x20 ./MEMS/Target/infrared_pd_manager.o
                0x00000000080064a8                InfraredPD_manager_get_version
 .text.ByteStuffCopyByte
                0x00000000080064c8       0x56 ./MEMS/Target/serial_protocol.o
                0x00000000080064c8                ByteStuffCopyByte
 .text.ByteStuffCopy
                0x000000000800651e       0x5c ./MEMS/Target/serial_protocol.o
                0x000000000800651e                ByteStuffCopy
 .text.ReverseByteStuffCopyByte2
                0x000000000800657a       0x4e ./MEMS/Target/serial_protocol.o
                0x000000000800657a                ReverseByteStuffCopyByte2
 .text.CHK_ComputeAndAdd
                0x00000000080065c8       0x54 ./MEMS/Target/serial_protocol.o
                0x00000000080065c8                CHK_ComputeAndAdd
 .text.CHK_CheckAndRemove
                0x000000000800661c       0x54 ./MEMS/Target/serial_protocol.o
                0x000000000800661c                CHK_CheckAndRemove
 .text.Deserialize
                0x0000000008006670       0x4c ./MEMS/Target/serial_protocol.o
                0x0000000008006670                Deserialize
 .text.Serialize_s32
                0x00000000080066bc       0x48 ./MEMS/Target/serial_protocol.o
                0x00000000080066bc                Serialize_s32
 .text.InfraredPD_Initialize
                0x0000000008006704      0x138 ../Middlewares/ST/STM32_InfraredPD_Library/Lib\InfraredPD_CM4F_wc32_ot_hard.a(infrared_pd.o)
                0x0000000008006704                InfraredPD_Initialize
 .text.InfraredPD_CreateInstance
                0x000000000800683c       0x34 ../Middlewares/ST/STM32_InfraredPD_Library/Lib\InfraredPD_CM4F_wc32_ot_hard.a(infrared_pd.o)
                0x000000000800683c                InfraredPD_CreateInstance
 .text.InfraredPD_Start
                0x0000000008006870      0x3e4 ../Middlewares/ST/STM32_InfraredPD_Library/Lib\InfraredPD_CM4F_wc32_ot_hard.a(infrared_pd.o)
                0x0000000008006870                InfraredPD_Start
 *fill*         0x0000000008006c54        0x4 
 .text.InfraredPD_Update
                0x0000000008006c58      0x690 ../Middlewares/ST/STM32_InfraredPD_Library/Lib\InfraredPD_CM4F_wc32_ot_hard.a(infrared_pd.o)
                0x0000000008006c58                InfraredPD_Update
 .text.InfraredPD_GetLibVersion
                0x00000000080072e8       0x54 ../Middlewares/ST/STM32_InfraredPD_Library/Lib\InfraredPD_CM4F_wc32_ot_hard.a(infrared_pd.o)
                0x00000000080072e8                InfraredPD_GetLibVersion
 .text.malloc   0x000000000800733c       0x10 C:/ST/STM32CubeIDE_1.14.1/STM32CubeIDE/plugins/com.st.stm32cube.ide.mcu.externaltools.gnu-tools-for-stm32.11.3.rel1.win32_1.1.100.202309141235/tools/bin/../lib/gcc/arm-none-eabi/11.3.1/../../../../arm-none-eabi/lib/thumb/v7e-m+fp/hard\libc_nano.a(libc_a-malloc.o)
                0x000000000800733c                malloc
 .text.free     0x000000000800734c       0x10 C:/ST/STM32CubeIDE_1.14.1/STM32CubeIDE/plugins/com.st.stm32cube.ide.mcu.externaltools.gnu-tools-for-stm32.11.3.rel1.win32_1.1.100.202309141235/tools/bin/../lib/gcc/arm-none-eabi/11.3.1/../../../../arm-none-eabi/lib/thumb/v7e-m+fp/hard\libc_nano.a(libc_a-malloc.o)
                0x000000000800734c                free
 .text.sbrk_aligned
                0x000000000800735c       0x40 C:/ST/STM32CubeIDE_1.14.1/STM32CubeIDE/plugins/com.st.stm32cube.ide.mcu.externaltools.gnu-tools-for-stm32.11.3.rel1.win32_1.1.100.202309141235/tools/bin/../lib/gcc/arm-none-eabi/11.3.1/../../../../arm-none-eabi/lib/thumb/v7e-m+fp/hard\libc_nano.a(libc_a-mallocr.o)
 .text._malloc_r
                0x000000000800739c      0x100 C:/ST/STM32CubeIDE_1.14.1/STM32CubeIDE/plugins/com.st.stm32cube.ide.mcu.externaltools.gnu-tools-for-stm32.11.3.rel1.win32_1.1.100.202309141235/tools/bin/../lib/gcc/arm-none-eabi/11.3.1/../../../../arm-none-eabi/lib/thumb/v7e-m+fp/hard\libc_nano.a(libc_a-mallocr.o)
                0x000000000800739c                _malloc_r
 .text.__malloc_lock
                0x000000000800749c        0xc C:/ST/STM32CubeIDE_1.14.1/STM32CubeIDE/plugins/com.st.stm32cube.ide.mcu.externaltools.gnu-tools-for-stm32.11.3.rel1.win32_1.1.100.202309141235/tools/bin/../lib/gcc/arm-none-eabi/11.3.1/../../../../arm-none-eabi/lib/thumb/v7e-m+fp/hard\libc_nano.a(libc_a-mlock.o)
                0x000000000800749c                __malloc_lock
 .text.__malloc_unlock
                0x00000000080074a8        0xc C:/ST/STM32CubeIDE_1.14.1/STM32CubeIDE/plugins/com.st.stm32cube.ide.mcu.externaltools.gnu-tools-for-stm32.11.3.rel1.win32_1.1.100.202309141235/tools/bin/../lib/gcc/arm-none-eabi/11.3.1/../../../../arm-none-eabi/lib/thumb/v7e-m+fp/hard\libc_nano.a(libc_a-mlock.o)
                0x00000000080074a8                __malloc_unlock
 .text.snprintf
                0x00000000080074b4       0x68 C:/ST/STM32CubeIDE_1.14.1/STM32CubeIDE/plugins/com.st.stm32cube.ide.mcu.externaltools.gnu-tools-for-stm32.11.3.rel1.win32_1.1.100.202309141235/tools/bin/../lib/gcc/arm-none-eabi/11.3.1/../../../../arm-none-eabi/lib/thumb/v7e-m+fp/hard\libc_nano.a(libc_a-snprintf.o)
                0x00000000080074b4                sniprintf
                0x00000000080074b4                snprintf
 .text.memset   0x000000000800751c       0x10 C:/ST/STM32CubeIDE_1.14.1/STM32CubeIDE/plugins/com.st.stm32cube.ide.mcu.externaltools.gnu-tools-for-stm32.11.3.rel1.win32_1.1.100.202309141235/tools/bin/../lib/gcc/arm-none-eabi/11.3.1/../../../../arm-none-eabi/lib/thumb/v7e-m+fp/hard\libc_nano.a(libc_a-memset.o)
                0x000000000800751c                memset
 .text._sbrk_r  0x000000000800752c       0x20 C:/ST/STM32CubeIDE_1.14.1/STM32CubeIDE/plugins/com.st.stm32cube.ide.mcu.externaltools.gnu-tools-for-stm32.11.3.rel1.win32_1.1.100.202309141235/tools/bin/../lib/gcc/arm-none-eabi/11.3.1/../../../../arm-none-eabi/lib/thumb/v7e-m+fp/hard\libc_nano.a(libc_a-sbrkr.o)
                0x000000000800752c                _sbrk_r
 .text.__errno  0x000000000800754c        0xc C:/ST/STM32CubeIDE_1.14.1/STM32CubeIDE/plugins/com.st.stm32cube.ide.mcu.externaltools.gnu-tools-for-stm32.11.3.rel1.win32_1.1.100.202309141235/tools/bin/../lib/gcc/arm-none-eabi/11.3.1/../../../../arm-none-eabi/lib/thumb/v7e-m+fp/hard\libc_nano.a(libc_a-errno.o)
                0x000000000800754c                __errno
 .text.__libc_init_array
                0x0000000008007558       0x48 C:/ST/STM32CubeIDE_1.14.1/STM32CubeIDE/plugins/com.st.stm32cube.ide.mcu.externaltools.gnu-tools-for-stm32.11.3.rel1.win32_1.1.100.202309141235/tools/bin/../lib/gcc/arm-none-eabi/11.3.1/../../../../arm-none-eabi/lib/thumb/v7e-m+fp/hard\libc_nano.a(libc_a-init.o)
                0x0000000008007558                __libc_init_array
 .text.__retarget_lock_acquire_recursive
                0x00000000080075a0        0x2 C:/ST/STM32CubeIDE_1.14.1/STM32CubeIDE/plugins/com.st.stm32cube.ide.mcu.externaltools.gnu-tools-for-stm32.11.3.rel1.win32_1.1.100.202309141235/tools/bin/../lib/gcc/arm-none-eabi/11.3.1/../../../../arm-none-eabi/lib/thumb/v7e-m+fp/hard\libc_nano.a(libc_a-lock.o)
                0x00000000080075a0                __retarget_lock_acquire_recursive
 .text.__retarget_lock_release_recursive
                0x00000000080075a2        0x2 C:/ST/STM32CubeIDE_1.14.1/STM32CubeIDE/plugins/com.st.stm32cube.ide.mcu.externaltools.gnu-tools-for-stm32.11.3.rel1.win32_1.1.100.202309141235/tools/bin/../lib/gcc/arm-none-eabi/11.3.1/../../../../arm-none-eabi/lib/thumb/v7e-m+fp/hard\libc_nano.a(libc_a-lock.o)
                0x00000000080075a2                __retarget_lock_release_recursive
 .text._free_r  0x00000000080075a4       0x98 C:/ST/STM32CubeIDE_1.14.1/STM32CubeIDE/plugins/com.st.stm32cube.ide.mcu.externaltools.gnu-tools-for-stm32.11.3.rel1.win32_1.1.100.202309141235/tools/bin/../lib/gcc/arm-none-eabi/11.3.1/../../../../arm-none-eabi/lib/thumb/v7e-m+fp/hard\libc_nano.a(libc_a-freer.o)
                0x00000000080075a4                _free_r
 .text.__ssputs_r
                0x000000000800763c       0xb4 C:/ST/STM32CubeIDE_1.14.1/STM32CubeIDE/plugins/com.st.stm32cube.ide.mcu.externaltools.gnu-tools-for-stm32.11.3.rel1.win32_1.1.100.202309141235/tools/bin/../lib/gcc/arm-none-eabi/11.3.1/../../../../arm-none-eabi/lib/thumb/v7e-m+fp/hard\libc_nano.a(libc_a-nano-svfprintf.o)
                0x000000000800763c                __ssputs_r
 .text._svfprintf_r
                0x00000000080076f0      0x1fc C:/ST/STM32CubeIDE_1.14.1/STM32CubeIDE/plugins/com.st.stm32cube.ide.mcu.externaltools.gnu-tools-for-stm32.11.3.rel1.win32_1.1.100.202309141235/tools/bin/../lib/gcc/arm-none-eabi/11.3.1/../../../../arm-none-eabi/lib/thumb/v7e-m+fp/hard\libc_nano.a(libc_a-nano-svfprintf.o)
                0x00000000080076f0                _svfiprintf_r
                0x00000000080076f0                _svfprintf_r
 .text._printf_common
                0x00000000080078ec       0xda C:/ST/STM32CubeIDE_1.14.1/STM32CubeIDE/plugins/com.st.stm32cube.ide.mcu.externaltools.gnu-tools-for-stm32.11.3.rel1.win32_1.1.100.202309141235/tools/bin/../lib/gcc/arm-none-eabi/11.3.1/../../../../arm-none-eabi/lib/thumb/v7e-m+fp/hard\libc_nano.a(libc_a-nano-vfprintf_i.o)
                0x00000000080078ec                _printf_common
 *fill*         0x00000000080079c6        0x2 
 .text._printf_i
                0x00000000080079c8      0x244 C:/ST/STM32CubeIDE_1.14.1/STM32CubeIDE/plugins/com.st.stm32cube.ide.mcu.externaltools.gnu-tools-for-stm32.11.3.rel1.win32_1.1.100.202309141235/tools/bin/../lib/gcc/arm-none-eabi/11.3.1/../../../../arm-none-eabi/lib/thumb/v7e-m+fp/hard\libc_nano.a(libc_a-nano-vfprintf_i.o)
                0x00000000080079c8                _printf_i
 .text.memmove  0x0000000008007c0c       0x34 C:/ST/STM32CubeIDE_1.14.1/STM32CubeIDE/plugins/com.st.stm32cube.ide.mcu.externaltools.gnu-tools-for-stm32.11.3.rel1.win32_1.1.100.202309141235/tools/bin/../lib/gcc/arm-none-eabi/11.3.1/../../../../arm-none-eabi/lib/thumb/v7e-m+fp/hard\libc_nano.a(libc_a-memmove.o)
                0x0000000008007c0c                memmove
 .text.memcpy   0x0000000008007c40       0x1c C:/ST/STM32CubeIDE_1.14.1/STM32CubeIDE/plugins/com.st.stm32cube.ide.mcu.externaltools.gnu-tools-for-stm32.11.3.rel1.win32_1.1.100.202309141235/tools/bin/../lib/gcc/arm-none-eabi/11.3.1/../../../../arm-none-eabi/lib/thumb/v7e-m+fp/hard\libc_nano.a(libc_a-memcpy-stub.o)
                0x0000000008007c40                memcpy
 .text._realloc_r
                0x0000000008007c5c       0x5e C:/ST/STM32CubeIDE_1.14.1/STM32CubeIDE/plugins/com.st.stm32cube.ide.mcu.externaltools.gnu-tools-for-stm32.11.3.rel1.win32_1.1.100.202309141235/tools/bin/../lib/gcc/arm-none-eabi/11.3.1/../../../../arm-none-eabi/lib/thumb/v7e-m+fp/hard\libc_nano.a(libc_a-reallocr.o)
                0x0000000008007c5c                _realloc_r
 .text._malloc_usable_size_r
                0x0000000008007cba       0x10 C:/ST/STM32CubeIDE_1.14.1/STM32CubeIDE/plugins/com.st.stm32cube.ide.mcu.externaltools.gnu-tools-for-stm32.11.3.rel1.win32_1.1.100.202309141235/tools/bin/../lib/gcc/arm-none-eabi/11.3.1/../../../../arm-none-eabi/lib/thumb/v7e-m+fp/hard\libc_nano.a(libc_a-msizer.o)
                0x0000000008007cba                _malloc_usable_size_r
 *fill*         0x0000000008007cca        0x2 
 .text.expf     0x0000000008007ccc       0x6c C:/ST/STM32CubeIDE_1.14.1/STM32CubeIDE/plugins/com.st.stm32cube.ide.mcu.externaltools.gnu-tools-for-stm32.11.3.rel1.win32_1.1.100.202309141235/tools/bin/../lib/gcc/arm-none-eabi/11.3.1/../../../../arm-none-eabi/lib/thumb/v7e-m+fp/hard\libm.a(libm_a-wf_exp.o)
                0x0000000008007ccc                expf
 .text.finitef  0x0000000008007d38       0x1a C:/ST/STM32CubeIDE_1.14.1/STM32CubeIDE/plugins/com.st.stm32cube.ide.mcu.externaltools.gnu-tools-for-stm32.11.3.rel1.win32_1.1.100.202309141235/tools/bin/../lib/gcc/arm-none-eabi/11.3.1/../../../../arm-none-eabi/lib/thumb/v7e-m+fp/hard\libm.a(libm_a-sf_finite.o)
                0x0000000008007d38                finitef
 *fill*         0x0000000008007d52        0x2 
 .text.ceilf    0x0000000008007d54       0x84 C:/ST/STM32CubeIDE_1.14.1/STM32CubeIDE/plugins/com.st.stm32cube.ide.mcu.externaltools.gnu-tools-for-stm32.11.3.rel1.win32_1.1.100.202309141235/tools/bin/../lib/gcc/arm-none-eabi/11.3.1/../../../../arm-none-eabi/lib/thumb/v7e-m+fp/hard\libm.a(libm_a-sf_ceil.o)
                0x0000000008007d54                ceilf
 .text.__ieee754_expf
                0x0000000008007dd8      0x19c C:/ST/STM32CubeIDE_1.14.1/STM32CubeIDE/plugins/com.st.stm32cube.ide.mcu.externaltools.gnu-tools-for-stm32.11.3.rel1.win32_1.1.100.202309141235/tools/bin/../lib/gcc/arm-none-eabi/11.3.1/../../../../arm-none-eabi/lib/thumb/v7e-m+fp/hard\libm.a(libm_a-ef_exp.o)
                0x0000000008007dd8                __ieee754_expf
 .text.with_errnof
                0x0000000008007f74       0x16 C:/ST/STM32CubeIDE_1.14.1/STM32CubeIDE/plugins/com.st.stm32cube.ide.mcu.externaltools.gnu-tools-for-stm32.11.3.rel1.win32_1.1.100.202309141235/tools/bin/../lib/gcc/arm-none-eabi/11.3.1/../../../../arm-none-eabi/lib/thumb/v7e-m+fp/hard\libm.a(libm_a-math_errf.o)
 .text.xflowf   0x0000000008007f8a       0x16 C:/ST/STM32CubeIDE_1.14.1/STM32CubeIDE/plugins/com.st.stm32cube.ide.mcu.externaltools.gnu-tools-for-stm32.11.3.rel1.win32_1.1.100.202309141235/tools/bin/../lib/gcc/arm-none-eabi/11.3.1/../../../../arm-none-eabi/lib/thumb/v7e-m+fp/hard\libm.a(libm_a-math_errf.o)
 .text.__math_uflowf
                0x0000000008007fa0        0xc C:/ST/STM32CubeIDE_1.14.1/STM32CubeIDE/plugins/com.st.stm32cube.ide.mcu.externaltools.gnu-tools-for-stm32.11.3.rel1.win32_1.1.100.202309141235/tools/bin/../lib/gcc/arm-none-eabi/11.3.1/../../../../arm-none-eabi/lib/thumb/v7e-m+fp/hard\libm.a(libm_a-math_errf.o)
                0x0000000008007fa0                __math_uflowf
 .text.__math_oflowf
                0x0000000008007fac        0xc C:/ST/STM32CubeIDE_1.14.1/STM32CubeIDE/plugins/com.st.stm32cube.ide.mcu.externaltools.gnu-tools-for-stm32.11.3.rel1.win32_1.1.100.202309141235/tools/bin/../lib/gcc/arm-none-eabi/11.3.1/../../../../arm-none-eabi/lib/thumb/v7e-m+fp/hard\libm.a(libm_a-math_errf.o)
                0x0000000008007fac                __math_oflowf
 *(.glue_7)
 .glue_7        0x0000000008007fb8        0x0 linker stubs
 *(.glue_7t)
 .glue_7t       0x0000000008007fb8        0x0 linker stubs
 *(.eh_frame)
 .eh_frame      0x0000000008007fb8        0x0 C:/ST/STM32CubeIDE_1.14.1/STM32CubeIDE/plugins/com.st.stm32cube.ide.mcu.externaltools.gnu-tools-for-stm32.11.3.rel1.win32_1.1.100.202309141235/tools/bin/../lib/gcc/arm-none-eabi/11.3.1/thumb/v7e-m+fp/hard/crtbegin.o
 *(.init)
 .init          0x0000000008007fb8        0x4 C:/ST/STM32CubeIDE_1.14.1/STM32CubeIDE/plugins/com.st.stm32cube.ide.mcu.externaltools.gnu-tools-for-stm32.11.3.rel1.win32_1.1.100.202309141235/tools/bin/../lib/gcc/arm-none-eabi/11.3.1/thumb/v7e-m+fp/hard/crti.o
                0x0000000008007fb8                _init
 .init          0x0000000008007fbc        0x8 C:/ST/STM32CubeIDE_1.14.1/STM32CubeIDE/plugins/com.st.stm32cube.ide.mcu.externaltools.gnu-tools-for-stm32.11.3.rel1.win32_1.1.100.202309141235/tools/bin/../lib/gcc/arm-none-eabi/11.3.1/thumb/v7e-m+fp/hard/crtn.o
 *(.fini)
 .fini          0x0000000008007fc4        0x4 C:/ST/STM32CubeIDE_1.14.1/STM32CubeIDE/plugins/com.st.stm32cube.ide.mcu.externaltools.gnu-tools-for-stm32.11.3.rel1.win32_1.1.100.202309141235/tools/bin/../lib/gcc/arm-none-eabi/11.3.1/thumb/v7e-m+fp/hard/crti.o
                0x0000000008007fc4                _fini
 .fini          0x0000000008007fc8        0x8 C:/ST/STM32CubeIDE_1.14.1/STM32CubeIDE/plugins/com.st.stm32cube.ide.mcu.externaltools.gnu-tools-for-stm32.11.3.rel1.win32_1.1.100.202309141235/tools/bin/../lib/gcc/arm-none-eabi/11.3.1/thumb/v7e-m+fp/hard/crtn.o
                0x0000000008007fd0                . = ALIGN (0x4)
                0x0000000008007fd0                _etext = .

.vfp11_veneer   0x0000000008007fd0        0x0
 .vfp11_veneer  0x0000000008007fd0        0x0 linker stubs

.v4_bx          0x0000000008007fd0        0x0
 .v4_bx         0x0000000008007fd0        0x0 linker stubs

.iplt           0x0000000008007fd0        0x0
 .iplt          0x0000000008007fd0        0x0 C:/ST/STM32CubeIDE_1.14.1/STM32CubeIDE/plugins/com.st.stm32cube.ide.mcu.externaltools.gnu-tools-for-stm32.11.3.rel1.win32_1.1.100.202309141235/tools/bin/../lib/gcc/arm-none-eabi/11.3.1/thumb/v7e-m+fp/hard/crtbegin.o

.rodata         0x0000000008007fd0       0xbc
                0x0000000008007fd0                . = ALIGN (0x4)
 *(.rodata)
 .rodata        0x0000000008007fd0       0x25 ./MEMS/Target/demo_serial.o
 *fill*         0x0000000008007ff5        0x3 
 .rodata        0x0000000008007ff8       0x2b ../Middlewares/ST/STM32_InfraredPD_Library/Lib\InfraredPD_CM4F_wc32_ot_hard.a(infrared_pd.o)
 *(.rodata*)
 *fill*         0x0000000008008023        0x1 
 .rodata.AHBPrescTable
                0x0000000008008024       0x10 ./Core/Src/system_stm32f4xx.o
                0x0000000008008024                AHBPrescTable
 .rodata.APBPrescTable
                0x0000000008008034        0x8 ./Core/Src/system_stm32f4xx.o
                0x0000000008008034                APBPrescTable
 .rodata.LedGpioInit.0
                0x000000000800803c        0x4 ./Drivers/BSP/STM32F4xx_Nucleo/stm32f4xx_nucleo.o
 .rodata._svfprintf_r.str1.1
                0x0000000008008040       0x11 C:/ST/STM32CubeIDE_1.14.1/STM32CubeIDE/plugins/com.st.stm32cube.ide.mcu.externaltools.gnu-tools-for-stm32.11.3.rel1.win32_1.1.100.202309141235/tools/bin/../lib/gcc/arm-none-eabi/11.3.1/../../../../arm-none-eabi/lib/thumb/v7e-m+fp/hard\libc_nano.a(libc_a-nano-svfprintf.o)
 .rodata._printf_i.str1.1
                0x0000000008008051       0x22 C:/ST/STM32CubeIDE_1.14.1/STM32CubeIDE/plugins/com.st.stm32cube.ide.mcu.externaltools.gnu-tools-for-stm32.11.3.rel1.win32_1.1.100.202309141235/tools/bin/../lib/gcc/arm-none-eabi/11.3.1/../../../../arm-none-eabi/lib/thumb/v7e-m+fp/hard\libc_nano.a(libc_a-nano-vfprintf_i.o)
 *fill*         0x0000000008008073        0x1 
 .rodata.halF   0x0000000008008074        0x8 C:/ST/STM32CubeIDE_1.14.1/STM32CubeIDE/plugins/com.st.stm32cube.ide.mcu.externaltools.gnu-tools-for-stm32.11.3.rel1.win32_1.1.100.202309141235/tools/bin/../lib/gcc/arm-none-eabi/11.3.1/../../../../arm-none-eabi/lib/thumb/v7e-m+fp/hard\libm.a(libm_a-ef_exp.o)
 .rodata.ln2HI  0x000000000800807c        0x8 C:/ST/STM32CubeIDE_1.14.1/STM32CubeIDE/plugins/com.st.stm32cube.ide.mcu.externaltools.gnu-tools-for-stm32.11.3.rel1.win32_1.1.100.202309141235/tools/bin/../lib/gcc/arm-none-eabi/11.3.1/../../../../arm-none-eabi/lib/thumb/v7e-m+fp/hard\libm.a(libm_a-ef_exp.o)
 .rodata.ln2LO  0x0000000008008084        0x8 C:/ST/STM32CubeIDE_1.14.1/STM32CubeIDE/plugins/com.st.stm32cube.ide.mcu.externaltools.gnu-tools-for-stm32.11.3.rel1.win32_1.1.100.202309141235/tools/bin/../lib/gcc/arm-none-eabi/11.3.1/../../../../arm-none-eabi/lib/thumb/v7e-m+fp/hard\libm.a(libm_a-ef_exp.o)
                0x000000000800808c                . = ALIGN (0x4)

.ARM.extab      0x000000000800808c        0x0
                0x000000000800808c                . = ALIGN (0x4)
 *(.ARM.extab* .gnu.linkonce.armextab.*)
                0x000000000800808c                . = ALIGN (0x4)

.ARM            0x000000000800808c        0x8
                0x000000000800808c                . = ALIGN (0x4)
                0x000000000800808c                __exidx_start = .
 *(.ARM.exidx*)
 .ARM.exidx     0x000000000800808c        0x8 C:/ST/STM32CubeIDE_1.14.1/STM32CubeIDE/plugins/com.st.stm32cube.ide.mcu.externaltools.gnu-tools-for-stm32.11.3.rel1.win32_1.1.100.202309141235/tools/bin/../lib/gcc/arm-none-eabi/11.3.1/thumb/v7e-m+fp/hard\libgcc.a(_udivmoddi4.o)
                0x0000000008008094                __exidx_end = .
                0x0000000008008094                . = ALIGN (0x4)

.rel.dyn        0x0000000008008094        0x0
 .rel.iplt      0x0000000008008094        0x0 C:/ST/STM32CubeIDE_1.14.1/STM32CubeIDE/plugins/com.st.stm32cube.ide.mcu.externaltools.gnu-tools-for-stm32.11.3.rel1.win32_1.1.100.202309141235/tools/bin/../lib/gcc/arm-none-eabi/11.3.1/thumb/v7e-m+fp/hard/crtbegin.o

.preinit_array  0x0000000008008094        0x0
                0x0000000008008094                . = ALIGN (0x4)
                0x0000000008008094                PROVIDE (__preinit_array_start = .)
 *(.preinit_array*)
                0x0000000008008094                PROVIDE (__preinit_array_end = .)
                0x0000000008008094                . = ALIGN (0x4)

.init_array     0x0000000008008094        0x4
                0x0000000008008094                . = ALIGN (0x4)
                0x0000000008008094                PROVIDE (__init_array_start = .)
 *(SORT_BY_NAME(.init_array.*))
 *(.init_array*)
 .init_array    0x0000000008008094        0x4 C:/ST/STM32CubeIDE_1.14.1/STM32CubeIDE/plugins/com.st.stm32cube.ide.mcu.externaltools.gnu-tools-for-stm32.11.3.rel1.win32_1.1.100.202309141235/tools/bin/../lib/gcc/arm-none-eabi/11.3.1/thumb/v7e-m+fp/hard/crtbegin.o
                0x0000000008008098                PROVIDE (__init_array_end = .)
                0x0000000008008098                . = ALIGN (0x4)

.fini_array     0x0000000008008098        0x4
                0x0000000008008098                . = ALIGN (0x4)
                [!provide]                        PROVIDE (__fini_array_start = .)
 *(SORT_BY_NAME(.fini_array.*))
 *(.fini_array*)
 .fini_array    0x0000000008008098        0x4 C:/ST/STM32CubeIDE_1.14.1/STM32CubeIDE/plugins/com.st.stm32cube.ide.mcu.externaltools.gnu-tools-for-stm32.11.3.rel1.win32_1.1.100.202309141235/tools/bin/../lib/gcc/arm-none-eabi/11.3.1/thumb/v7e-m+fp/hard/crtbegin.o
                [!provide]                        PROVIDE (__fini_array_end = .)
                0x000000000800809c                . = ALIGN (0x4)
                0x000000000800809c                _sidata = LOADADDR (.data)

.data           0x0000000020000000       0x6c load address 0x000000000800809c
                0x0000000020000000                . = ALIGN (0x4)
                0x0000000020000000                _sdata = .
 *(.data)
 *(.data*)
 .data.SystemCoreClock
                0x0000000020000000        0x4 ./Core/Src/system_stm32f4xx.o
                0x0000000020000000                SystemCoreClock
 .data.LED_PORT
                0x0000000020000004        0x4 ./Drivers/BSP/STM32F4xx_Nucleo/stm32f4xx_nucleo.o
 .data.COM_USART
                0x0000000020000008        0x4 ./Drivers/BSP/STM32F4xx_Nucleo/stm32f4xx_nucleo.o
                0x0000000020000008                COM_USART
 .data.uwTickPrio
                0x000000002000000c        0x4 ./Drivers/STM32F4xx_HAL_Driver/Src/stm32f4xx_hal.o
                0x000000002000000c                uwTickPrio
 .data.uwTickFreq
                0x0000000020000010        0x1 ./Drivers/STM32F4xx_HAL_Driver/Src/stm32f4xx_hal.o
                0x0000000020000010                uwTickFreq
 *fill*         0x0000000020000011        0x3 
 .data.AlgoFreq
                0x0000000020000014        0x4 ./MEMS/App/app_mems.o
                0x0000000020000014                AlgoFreq
 .data.DataStreamingDest
                0x0000000020000018        0x1 ./MEMS/Target/demo_serial.o
 *fill*         0x0000000020000019        0x3 
 .data._impure_data
                0x000000002000001c       0x4c C:/ST/STM32CubeIDE_1.14.1/STM32CubeIDE/plugins/com.st.stm32cube.ide.mcu.externaltools.gnu-tools-for-stm32.11.3.rel1.win32_1.1.100.202309141235/tools/bin/../lib/gcc/arm-none-eabi/11.3.1/../../../../arm-none-eabi/lib/thumb/v7e-m+fp/hard\libc_nano.a(libc_a-impure.o)
                0x000000002000001c                _impure_data
 .data._impure_ptr
                0x0000000020000068        0x4 C:/ST/STM32CubeIDE_1.14.1/STM32CubeIDE/plugins/com.st.stm32cube.ide.mcu.externaltools.gnu-tools-for-stm32.11.3.rel1.win32_1.1.100.202309141235/tools/bin/../lib/gcc/arm-none-eabi/11.3.1/../../../../arm-none-eabi/lib/thumb/v7e-m+fp/hard\libc_nano.a(libc_a-impure.o)
                0x0000000020000068                _impure_ptr
 *(.RamFunc)
 *(.RamFunc*)
                0x000000002000006c                . = ALIGN (0x4)
                0x000000002000006c                _edata = .

.igot.plt       0x000000002000006c        0x0 load address 0x0000000008008108
 .igot.plt      0x000000002000006c        0x0 C:/ST/STM32CubeIDE_1.14.1/STM32CubeIDE/plugins/com.st.stm32cube.ide.mcu.externaltools.gnu-tools-for-stm32.11.3.rel1.win32_1.1.100.202309141235/tools/bin/../lib/gcc/arm-none-eabi/11.3.1/thumb/v7e-m+fp/hard/crtbegin.o
                0x000000002000006c                . = ALIGN (0x4)

.bss            0x000000002000006c      0xb10 load address 0x0000000008008108
                0x000000002000006c                _sbss = .
                0x000000002000006c                __bss_start__ = _sbss
 *(.bss)
 .bss           0x000000002000006c       0x1c C:/ST/STM32CubeIDE_1.14.1/STM32CubeIDE/plugins/com.st.stm32cube.ide.mcu.externaltools.gnu-tools-for-stm32.11.3.rel1.win32_1.1.100.202309141235/tools/bin/../lib/gcc/arm-none-eabi/11.3.1/thumb/v7e-m+fp/hard/crtbegin.o
 .bss           0x0000000020000088        0x1 ../Middlewares/ST/STM32_InfraredPD_Library/Lib\InfraredPD_CM4F_wc32_ot_hard.a(infrared_pd.o)
 *(.bss*)
 *fill*         0x0000000020000089        0x3 
 .bss.hadc1     0x000000002000008c       0x48 ./Core/Src/main.o
                0x000000002000008c                hadc1
 .bss.hcrc      0x00000000200000d4        0x8 ./Core/Src/main.o
                0x00000000200000d4                hcrc
 .bss.hrtc      0x00000000200000dc       0x20 ./Core/Src/main.o
                0x00000000200000dc                hrtc
 .bss.htim2     0x00000000200000fc       0x48 ./Core/Src/main.o
                0x00000000200000fc                htim2
 .bss.htim3     0x0000000020000144       0x48 ./Core/Src/main.o
                0x0000000020000144                htim3
 .bss.htim5     0x000000002000018c       0x48 ./Core/Src/main.o
                0x000000002000018c                htim5
 .bss.__sbrk_heap_end
                0x00000000200001d4        0x4 ./Core/Src/sysmem.o
 .bss.hcom_uart
                0x00000000200001d8       0x48 ./Drivers/BSP/STM32F4xx_Nucleo/stm32f4xx_nucleo.o
                0x00000000200001d8                hcom_uart
 .bss.uwTick    0x0000000020000220        0x4 ./Drivers/STM32F4xx_HAL_Driver/Src/stm32f4xx_hal.o
                0x0000000020000220                uwTick
 .bss.DataLoggerActive
                0x0000000020000224        0x1 ./MEMS/App/app_mems.o
                0x0000000020000224                DataLoggerActive
 *fill*         0x0000000020000225        0x3 
 .bss.SensorsEnabled
                0x0000000020000228        0x4 ./MEMS/App/app_mems.o
                0x0000000020000228                SensorsEnabled
 .bss.LibVersion
                0x000000002000022c       0x23 ./MEMS/App/app_mems.o
                0x000000002000022c                LibVersion
 *fill*         0x000000002000024f        0x1 
 .bss.LibVersionLen
                0x0000000020000250        0x4 ./MEMS/App/app_mems.o
                0x0000000020000250                LibVersionLen
 .bss.SensorReadRequest
                0x0000000020000254        0x1 ./MEMS/App/app_mems.o
                0x0000000020000254                SensorReadRequest
 .bss.UseOfflineData
                0x0000000020000255        0x1 ./MEMS/App/app_mems.o
                0x0000000020000255                UseOfflineData
 *fill*         0x0000000020000256        0x2 
 .bss.OfflineData
                0x0000000020000258      0x1a0 ./MEMS/App/app_mems.o
                0x0000000020000258                OfflineData
 .bss.OfflineDataReadIndex
                0x00000000200003f8        0x4 ./MEMS/App/app_mems.o
                0x00000000200003f8                OfflineDataReadIndex
 .bss.OfflineDataWriteIndex
                0x00000000200003fc        0x4 ./MEMS/App/app_mems.o
                0x00000000200003fc                OfflineDataWriteIndex
 .bss.OfflineDataCount
                0x0000000020000400        0x4 ./MEMS/App/app_mems.o
                0x0000000020000400                OfflineDataCount
 .bss.Odr       0x0000000020000404        0x1 ./MEMS/App/app_mems.o
                0x0000000020000404                Odr
 *fill*         0x0000000020000405        0x1 
 .bss.AvgTmos   0x0000000020000406        0x2 ./MEMS/App/app_mems.o
                0x0000000020000406                AvgTmos
 .bss.AvgT      0x0000000020000408        0x1 ./MEMS/App/app_mems.o
                0x0000000020000408                AvgT
 .bss.GainFactor
                0x0000000020000409        0x1 ./MEMS/App/app_mems.o
                0x0000000020000409                GainFactor
 .bss.Sensitivity
                0x000000002000040a        0x2 ./MEMS/App/app_mems.o
                0x000000002000040a                Sensitivity
 .bss.DiscardSamples
                0x000000002000040c        0x1 ./MEMS/App/app_mems.o
                0x000000002000040c                DiscardSamples
 *fill*         0x000000002000040d        0x1 
 .bss.TAmbRaw   0x000000002000040e        0x2 ./MEMS/App/app_mems.o
 .bss.TObjRaw   0x0000000020000410        0x2 ./MEMS/App/app_mems.o
 *fill*         0x0000000020000412        0x2 
 .bss.msg_cmd.2
                0x0000000020000414      0x104 ./MEMS/App/app_mems.o
 .bss.msg_dat.1
                0x0000000020000518      0x104 ./MEMS/App/app_mems.o
 .bss.data_out.0
                0x000000002000061c        0x6 ./MEMS/App/app_mems.o
 *fill*         0x0000000020000622        0x2 
 .bss.UartRxBuffer
                0x0000000020000624      0x200 ./MEMS/Target/com.o
                0x0000000020000624                UartRxBuffer
 .bss.UartEngine
                0x0000000020000824        0x8 ./MEMS/Target/com.o
                0x0000000020000824                UartEngine
 .bss.UartTxBuffer
                0x000000002000082c      0x200 ./MEMS/Target/com.o
 .bss.sensors_enabled_prev.0
                0x0000000020000a2c        0x4 ./MEMS/Target/demo_serial.o
 .bss.IPD_Instance
                0x0000000020000a30        0x4 ./MEMS/Target/infrared_pd_manager.o
 .bss.__malloc_free_list
                0x0000000020000a34        0x4 C:/ST/STM32CubeIDE_1.14.1/STM32CubeIDE/plugins/com.st.stm32cube.ide.mcu.externaltools.gnu-tools-for-stm32.11.3.rel1.win32_1.1.100.202309141235/tools/bin/../lib/gcc/arm-none-eabi/11.3.1/../../../../arm-none-eabi/lib/thumb/v7e-m+fp/hard\libc_nano.a(libc_a-mallocr.o)
                0x0000000020000a34                __malloc_free_list
 .bss.__malloc_sbrk_start
                0x0000000020000a38        0x4 C:/ST/STM32CubeIDE_1.14.1/STM32CubeIDE/plugins/com.st.stm32cube.ide.mcu.externaltools.gnu-tools-for-stm32.11.3.rel1.win32_1.1.100.202309141235/tools/bin/../lib/gcc/arm-none-eabi/11.3.1/../../../../arm-none-eabi/lib/thumb/v7e-m+fp/hard\libc_nano.a(libc_a-mallocr.o)
                0x0000000020000a38                __malloc_sbrk_start
 .bss.__sf      0x0000000020000a3c      0x138 C:/ST/STM32CubeIDE_1.14.1/STM32CubeIDE/plugins/com.st.stm32cube.ide.mcu.externaltools.gnu-tools-for-stm32.11.3.rel1.win32_1.1.100.202309141235/tools/bin/../lib/gcc/arm-none-eabi/11.3.1/../../../../arm-none-eabi/lib/thumb/v7e-m+fp/hard\libc_nano.a(libc_a-findfp.o)
                0x0000000020000a3c                __sf
 .bss.errno     0x0000000020000b74        0x4 C:/ST/STM32CubeIDE_1.14.1/STM32CubeIDE/plugins/com.st.stm32cube.ide.mcu.externaltools.gnu-tools-for-stm32.11.3.rel1.win32_1.1.100.202309141235/tools/bin/../lib/gcc/arm-none-eabi/11.3.1/../../../../arm-none-eabi/lib/thumb/v7e-m+fp/hard\libc_nano.a(libc_a-reent.o)
                0x0000000020000b74                errno
 .bss.__lock___malloc_recursive_mutex
                0x0000000020000b78        0x1 C:/ST/STM32CubeIDE_1.14.1/STM32CubeIDE/plugins/com.st.stm32cube.ide.mcu.externaltools.gnu-tools-for-stm32.11.3.rel1.win32_1.1.100.202309141235/tools/bin/../lib/gcc/arm-none-eabi/11.3.1/../../../../arm-none-eabi/lib/thumb/v7e-m+fp/hard\libc_nano.a(libc_a-lock.o)
                0x0000000020000b78                __lock___malloc_recursive_mutex
 *(COMMON)
                0x0000000020000b7c                . = ALIGN (0x4)
 *fill*         0x0000000020000b79        0x3 
                0x0000000020000b7c                _ebss = .
                0x0000000020000b7c                __bss_end__ = _ebss

._user_heap_stack
                0x0000000020000b7c      0x604 load address 0x0000000008008108
                0x0000000020000b80                . = ALIGN (0x8)
 *fill*         0x0000000020000b7c        0x4 
                [!provide]                        PROVIDE (end = .)
                0x0000000020000b80                PROVIDE (_end = .)
                0x0000000020000d80                . = (. + _Min_Heap_Size)
 *fill*         0x0000000020000b80      0x200 
                0x0000000020001180                . = (. + _Min_Stack_Size)
 *fill*         0x0000000020000d80      0x400 
                0x0000000020001180                . = ALIGN (0x8)

/DISCARD/
 libc.a(*)
 libm.a(*)
 libgcc.a(*)

.ARM.attributes
                0x0000000000000000       0x30
 *(.ARM.attributes)
 .ARM.attributes
                0x0000000000000000       0x1e C:/ST/STM32CubeIDE_1.14.1/STM32CubeIDE/plugins/com.st.stm32cube.ide.mcu.externaltools.gnu-tools-for-stm32.11.3.rel1.win32_1.1.100.202309141235/tools/bin/../lib/gcc/arm-none-eabi/11.3.1/thumb/v7e-m+fp/hard/crti.o
 .ARM.attributes
                0x000000000000001e       0x34 C:/ST/STM32CubeIDE_1.14.1/STM32CubeIDE/plugins/com.st.stm32cube.ide.mcu.externaltools.gnu-tools-for-stm32.11.3.rel1.win32_1.1.100.202309141235/tools/bin/../lib/gcc/arm-none-eabi/11.3.1/thumb/v7e-m+fp/hard/crtbegin.o
 .ARM.attributes
                0x0000000000000052       0x34 ./Core/Src/main.o
 .ARM.attributes
                0x0000000000000086       0x34 ./Core/Src/stm32f4xx_hal_msp.o
 .ARM.attributes
                0x00000000000000ba       0x34 ./Core/Src/stm32f4xx_it.o
 .ARM.attributes
                0x00000000000000ee       0x34 ./Core/Src/sysmem.o
 .ARM.attributes
                0x0000000000000122       0x34 ./Core/Src/system_stm32f4xx.o
 .ARM.attributes
                0x0000000000000156       0x21 ./Core/Startup/startup_stm32f401retx.o
 .ARM.attributes
                0x0000000000000177       0x34 ./Drivers/BSP/STM32F4xx_Nucleo/stm32f4xx_nucleo.o
 .ARM.attributes
                0x00000000000001ab       0x34 ./Drivers/STM32F4xx_HAL_Driver/Src/stm32f4xx_hal.o
 .ARM.attributes
                0x00000000000001df       0x34 ./Drivers/STM32F4xx_HAL_Driver/Src/stm32f4xx_hal_adc.o
 .ARM.attributes
                0x0000000000000213       0x34 ./Drivers/STM32F4xx_HAL_Driver/Src/stm32f4xx_hal_cortex.o
 .ARM.attributes
                0x0000000000000247       0x34 ./Drivers/STM32F4xx_HAL_Driver/Src/stm32f4xx_hal_crc.o
 .ARM.attributes
                0x000000000000027b       0x34 ./Drivers/STM32F4xx_HAL_Driver/Src/stm32f4xx_hal_dma.o
 .ARM.attributes
                0x00000000000002af       0x34 ./Drivers/STM32F4xx_HAL_Driver/Src/stm32f4xx_hal_gpio.o
 .ARM.attributes
                0x00000000000002e3       0x34 ./Drivers/STM32F4xx_HAL_Driver/Src/stm32f4xx_hal_rcc.o
 .ARM.attributes
                0x0000000000000317       0x34 ./Drivers/STM32F4xx_HAL_Driver/Src/stm32f4xx_hal_rcc_ex.o
 .ARM.attributes
                0x000000000000034b       0x34 ./Drivers/STM32F4xx_HAL_Driver/Src/stm32f4xx_hal_rtc.o
 .ARM.attributes
                0x000000000000037f       0x34 ./Drivers/STM32F4xx_HAL_Driver/Src/stm32f4xx_hal_tim.o
 .ARM.attributes
                0x00000000000003b3       0x34 ./Drivers/STM32F4xx_HAL_Driver/Src/stm32f4xx_hal_tim_ex.o
 .ARM.attributes
                0x00000000000003e7       0x34 ./Drivers/STM32F4xx_HAL_Driver/Src/stm32f4xx_hal_uart.o
 .ARM.attributes
                0x000000000000041b       0x34 ./MEMS/App/app_mems.o
 .ARM.attributes
                0x000000000000044f       0x34 ./MEMS/Target/com.o
 .ARM.attributes
                0x0000000000000483       0x34 ./MEMS/Target/custom_mems_control.o
 .ARM.attributes
                0x00000000000004b7       0x34 ./MEMS/Target/custom_mems_control_ex.o
 .ARM.attributes
                0x00000000000004eb       0x34 ./MEMS/Target/demo_serial.o
 .ARM.attributes
                0x000000000000051f       0x34 ./MEMS/Target/infrared_pd_manager.o
 .ARM.attributes
                0x0000000000000553       0x34 ./MEMS/Target/serial_protocol.o
 .ARM.attributes
                0x0000000000000587       0x30 ../Middlewares/ST/STM32_InfraredPD_Library/Lib\InfraredPD_CM4F_wc32_ot_hard.a(infrared_pd.o)
 .ARM.attributes
                0x00000000000005b7       0x34 C:/ST/STM32CubeIDE_1.14.1/STM32CubeIDE/plugins/com.st.stm32cube.ide.mcu.externaltools.gnu-tools-for-stm32.11.3.rel1.win32_1.1.100.202309141235/tools/bin/../lib/gcc/arm-none-eabi/11.3.1/../../../../arm-none-eabi/lib/thumb/v7e-m+fp/hard\libc_nano.a(libc_a-malloc.o)
 .ARM.attributes
                0x00000000000005eb       0x34 C:/ST/STM32CubeIDE_1.14.1/STM32CubeIDE/plugins/com.st.stm32cube.ide.mcu.externaltools.gnu-tools-for-stm32.11.3.rel1.win32_1.1.100.202309141235/tools/bin/../lib/gcc/arm-none-eabi/11.3.1/../../../../arm-none-eabi/lib/thumb/v7e-m+fp/hard\libc_nano.a(libc_a-mallocr.o)
 .ARM.attributes
                0x000000000000061f       0x34 C:/ST/STM32CubeIDE_1.14.1/STM32CubeIDE/plugins/com.st.stm32cube.ide.mcu.externaltools.gnu-tools-for-stm32.11.3.rel1.win32_1.1.100.202309141235/tools/bin/../lib/gcc/arm-none-eabi/11.3.1/../../../../arm-none-eabi/lib/thumb/v7e-m+fp/hard\libc_nano.a(libc_a-mlock.o)
 .ARM.attributes
                0x0000000000000653       0x34 C:/ST/STM32CubeIDE_1.14.1/STM32CubeIDE/plugins/com.st.stm32cube.ide.mcu.externaltools.gnu-tools-for-stm32.11.3.rel1.win32_1.1.100.202309141235/tools/bin/../lib/gcc/arm-none-eabi/11.3.1/../../../../arm-none-eabi/lib/thumb/v7e-m+fp/hard\libc_nano.a(libc_a-findfp.o)
 .ARM.attributes
                0x0000000000000687       0x34 C:/ST/STM32CubeIDE_1.14.1/STM32CubeIDE/plugins/com.st.stm32cube.ide.mcu.externaltools.gnu-tools-for-stm32.11.3.rel1.win32_1.1.100.202309141235/tools/bin/../lib/gcc/arm-none-eabi/11.3.1/../../../../arm-none-eabi/lib/thumb/v7e-m+fp/hard\libc_nano.a(libc_a-snprintf.o)
 .ARM.attributes
                0x00000000000006bb       0x34 C:/ST/STM32CubeIDE_1.14.1/STM32CubeIDE/plugins/com.st.stm32cube.ide.mcu.externaltools.gnu-tools-for-stm32.11.3.rel1.win32_1.1.100.202309141235/tools/bin/../lib/gcc/arm-none-eabi/11.3.1/../../../../arm-none-eabi/lib/thumb/v7e-m+fp/hard\libc_nano.a(libc_a-memset.o)
 .ARM.attributes
                0x00000000000006ef       0x34 C:/ST/STM32CubeIDE_1.14.1/STM32CubeIDE/plugins/com.st.stm32cube.ide.mcu.externaltools.gnu-tools-for-stm32.11.3.rel1.win32_1.1.100.202309141235/tools/bin/../lib/gcc/arm-none-eabi/11.3.1/../../../../arm-none-eabi/lib/thumb/v7e-m+fp/hard\libc_nano.a(libc_a-reent.o)
 .ARM.attributes
                0x0000000000000723       0x34 C:/ST/STM32CubeIDE_1.14.1/STM32CubeIDE/plugins/com.st.stm32cube.ide.mcu.externaltools.gnu-tools-for-stm32.11.3.rel1.win32_1.1.100.202309141235/tools/bin/../lib/gcc/arm-none-eabi/11.3.1/../../../../arm-none-eabi/lib/thumb/v7e-m+fp/hard\libc_nano.a(libc_a-impure.o)
 .ARM.attributes
                0x0000000000000757       0x34 C:/ST/STM32CubeIDE_1.14.1/STM32CubeIDE/plugins/com.st.stm32cube.ide.mcu.externaltools.gnu-tools-for-stm32.11.3.rel1.win32_1.1.100.202309141235/tools/bin/../lib/gcc/arm-none-eabi/11.3.1/../../../../arm-none-eabi/lib/thumb/v7e-m+fp/hard\libc_nano.a(libc_a-sbrkr.o)
 .ARM.attributes
                0x000000000000078b       0x34 C:/ST/STM32CubeIDE_1.14.1/STM32CubeIDE/plugins/com.st.stm32cube.ide.mcu.externaltools.gnu-tools-for-stm32.11.3.rel1.win32_1.1.100.202309141235/tools/bin/../lib/gcc/arm-none-eabi/11.3.1/../../../../arm-none-eabi/lib/thumb/v7e-m+fp/hard\libc_nano.a(libc_a-errno.o)
 .ARM.attributes
                0x00000000000007bf       0x34 C:/ST/STM32CubeIDE_1.14.1/STM32CubeIDE/plugins/com.st.stm32cube.ide.mcu.externaltools.gnu-tools-for-stm32.11.3.rel1.win32_1.1.100.202309141235/tools/bin/../lib/gcc/arm-none-eabi/11.3.1/../../../../arm-none-eabi/lib/thumb/v7e-m+fp/hard\libc_nano.a(libc_a-init.o)
 .ARM.attributes
                0x00000000000007f3       0x34 C:/ST/STM32CubeIDE_1.14.1/STM32CubeIDE/plugins/com.st.stm32cube.ide.mcu.externaltools.gnu-tools-for-stm32.11.3.rel1.win32_1.1.100.202309141235/tools/bin/../lib/gcc/arm-none-eabi/11.3.1/../../../../arm-none-eabi/lib/thumb/v7e-m+fp/hard\libc_nano.a(libc_a-lock.o)
 .ARM.attributes
                0x0000000000000827       0x34 C:/ST/STM32CubeIDE_1.14.1/STM32CubeIDE/plugins/com.st.stm32cube.ide.mcu.externaltools.gnu-tools-for-stm32.11.3.rel1.win32_1.1.100.202309141235/tools/bin/../lib/gcc/arm-none-eabi/11.3.1/../../../../arm-none-eabi/lib/thumb/v7e-m+fp/hard\libc_nano.a(libc_a-freer.o)
 .ARM.attributes
                0x000000000000085b       0x34 C:/ST/STM32CubeIDE_1.14.1/STM32CubeIDE/plugins/com.st.stm32cube.ide.mcu.externaltools.gnu-tools-for-stm32.11.3.rel1.win32_1.1.100.202309141235/tools/bin/../lib/gcc/arm-none-eabi/11.3.1/../../../../arm-none-eabi/lib/thumb/v7e-m+fp/hard\libc_nano.a(libc_a-nano-svfprintf.o)
 .ARM.attributes
                0x000000000000088f       0x34 C:/ST/STM32CubeIDE_1.14.1/STM32CubeIDE/plugins/com.st.stm32cube.ide.mcu.externaltools.gnu-tools-for-stm32.11.3.rel1.win32_1.1.100.202309141235/tools/bin/../lib/gcc/arm-none-eabi/11.3.1/../../../../arm-none-eabi/lib/thumb/v7e-m+fp/hard\libc_nano.a(libc_a-nano-vfprintf_i.o)
 .ARM.attributes
                0x00000000000008c3       0x34 C:/ST/STM32CubeIDE_1.14.1/STM32CubeIDE/plugins/com.st.stm32cube.ide.mcu.externaltools.gnu-tools-for-stm32.11.3.rel1.win32_1.1.100.202309141235/tools/bin/../lib/gcc/arm-none-eabi/11.3.1/../../../../arm-none-eabi/lib/thumb/v7e-m+fp/hard\libc_nano.a(libc_a-memmove.o)
 .ARM.attributes
                0x00000000000008f7       0x1c C:/ST/STM32CubeIDE_1.14.1/STM32CubeIDE/plugins/com.st.stm32cube.ide.mcu.externaltools.gnu-tools-for-stm32.11.3.rel1.win32_1.1.100.202309141235/tools/bin/../lib/gcc/arm-none-eabi/11.3.1/../../../../arm-none-eabi/lib/thumb/v7e-m+fp/hard\libc_nano.a(libc_a-memchr.o)
 .ARM.attributes
                0x0000000000000913       0x34 C:/ST/STM32CubeIDE_1.14.1/STM32CubeIDE/plugins/com.st.stm32cube.ide.mcu.externaltools.gnu-tools-for-stm32.11.3.rel1.win32_1.1.100.202309141235/tools/bin/../lib/gcc/arm-none-eabi/11.3.1/../../../../arm-none-eabi/lib/thumb/v7e-m+fp/hard\libc_nano.a(libc_a-memcpy-stub.o)
 .ARM.attributes
                0x0000000000000947       0x34 C:/ST/STM32CubeIDE_1.14.1/STM32CubeIDE/plugins/com.st.stm32cube.ide.mcu.externaltools.gnu-tools-for-stm32.11.3.rel1.win32_1.1.100.202309141235/tools/bin/../lib/gcc/arm-none-eabi/11.3.1/../../../../arm-none-eabi/lib/thumb/v7e-m+fp/hard\libc_nano.a(libc_a-reallocr.o)
 .ARM.attributes
                0x000000000000097b       0x34 C:/ST/STM32CubeIDE_1.14.1/STM32CubeIDE/plugins/com.st.stm32cube.ide.mcu.externaltools.gnu-tools-for-stm32.11.3.rel1.win32_1.1.100.202309141235/tools/bin/../lib/gcc/arm-none-eabi/11.3.1/../../../../arm-none-eabi/lib/thumb/v7e-m+fp/hard\libc_nano.a(libc_a-msizer.o)
 .ARM.attributes
                0x00000000000009af       0x34 C:/ST/STM32CubeIDE_1.14.1/STM32CubeIDE/plugins/com.st.stm32cube.ide.mcu.externaltools.gnu-tools-for-stm32.11.3.rel1.win32_1.1.100.202309141235/tools/bin/../lib/gcc/arm-none-eabi/11.3.1/../../../../arm-none-eabi/lib/thumb/v7e-m+fp/hard\libm.a(libm_a-wf_exp.o)
 .ARM.attributes
                0x00000000000009e3       0x34 C:/ST/STM32CubeIDE_1.14.1/STM32CubeIDE/plugins/com.st.stm32cube.ide.mcu.externaltools.gnu-tools-for-stm32.11.3.rel1.win32_1.1.100.202309141235/tools/bin/../lib/gcc/arm-none-eabi/11.3.1/../../../../arm-none-eabi/lib/thumb/v7e-m+fp/hard\libm.a(libm_a-sf_finite.o)
 .ARM.attributes
                0x0000000000000a17       0x34 C:/ST/STM32CubeIDE_1.14.1/STM32CubeIDE/plugins/com.st.stm32cube.ide.mcu.externaltools.gnu-tools-for-stm32.11.3.rel1.win32_1.1.100.202309141235/tools/bin/../lib/gcc/arm-none-eabi/11.3.1/../../../../arm-none-eabi/lib/thumb/v7e-m+fp/hard\libm.a(libm_a-sf_ceil.o)
 .ARM.attributes
                0x0000000000000a4b       0x34 C:/ST/STM32CubeIDE_1.14.1/STM32CubeIDE/plugins/com.st.stm32cube.ide.mcu.externaltools.gnu-tools-for-stm32.11.3.rel1.win32_1.1.100.202309141235/tools/bin/../lib/gcc/arm-none-eabi/11.3.1/../../../../arm-none-eabi/lib/thumb/v7e-m+fp/hard\libm.a(libm_a-ef_exp.o)
 .ARM.attributes
                0x0000000000000a7f       0x34 C:/ST/STM32CubeIDE_1.14.1/STM32CubeIDE/plugins/com.st.stm32cube.ide.mcu.externaltools.gnu-tools-for-stm32.11.3.rel1.win32_1.1.100.202309141235/tools/bin/../lib/gcc/arm-none-eabi/11.3.1/../../../../arm-none-eabi/lib/thumb/v7e-m+fp/hard\libm.a(libm_a-math_errf.o)
 .ARM.attributes
                0x0000000000000ab3       0x1e C:/ST/STM32CubeIDE_1.14.1/STM32CubeIDE/plugins/com.st.stm32cube.ide.mcu.externaltools.gnu-tools-for-stm32.11.3.rel1.win32_1.1.100.202309141235/tools/bin/../lib/gcc/arm-none-eabi/11.3.1/thumb/v7e-m+fp/hard\libgcc.a(_arm_muldf3.o)
 .ARM.attributes
                0x0000000000000ad1       0x1e C:/ST/STM32CubeIDE_1.14.1/STM32CubeIDE/plugins/com.st.stm32cube.ide.mcu.externaltools.gnu-tools-for-stm32.11.3.rel1.win32_1.1.100.202309141235/tools/bin/../lib/gcc/arm-none-eabi/11.3.1/thumb/v7e-m+fp/hard\libgcc.a(_arm_addsubdf3.o)
 .ARM.attributes
                0x0000000000000aef       0x1e C:/ST/STM32CubeIDE_1.14.1/STM32CubeIDE/plugins/com.st.stm32cube.ide.mcu.externaltools.gnu-tools-for-stm32.11.3.rel1.win32_1.1.100.202309141235/tools/bin/../lib/gcc/arm-none-eabi/11.3.1/thumb/v7e-m+fp/hard\libgcc.a(_arm_cmpdf2.o)
 .ARM.attributes
                0x0000000000000b0d       0x1e C:/ST/STM32CubeIDE_1.14.1/STM32CubeIDE/plugins/com.st.stm32cube.ide.mcu.externaltools.gnu-tools-for-stm32.11.3.rel1.win32_1.1.100.202309141235/tools/bin/../lib/gcc/arm-none-eabi/11.3.1/thumb/v7e-m+fp/hard\libgcc.a(_aeabi_uldivmod.o)
 .ARM.attributes
                0x0000000000000b2b       0x34 C:/ST/STM32CubeIDE_1.14.1/STM32CubeIDE/plugins/com.st.stm32cube.ide.mcu.externaltools.gnu-tools-for-stm32.11.3.rel1.win32_1.1.100.202309141235/tools/bin/../lib/gcc/arm-none-eabi/11.3.1/thumb/v7e-m+fp/hard\libgcc.a(_udivmoddi4.o)
 .ARM.attributes
                0x0000000000000b5f       0x1e C:/ST/STM32CubeIDE_1.14.1/STM32CubeIDE/plugins/com.st.stm32cube.ide.mcu.externaltools.gnu-tools-for-stm32.11.3.rel1.win32_1.1.100.202309141235/tools/bin/../lib/gcc/arm-none-eabi/11.3.1/thumb/v7e-m+fp/hard\libgcc.a(_dvmd_tls.o)
 .ARM.attributes
                0x0000000000000b7d       0x1e C:/ST/STM32CubeIDE_1.14.1/STM32CubeIDE/plugins/com.st.stm32cube.ide.mcu.externaltools.gnu-tools-for-stm32.11.3.rel1.win32_1.1.100.202309141235/tools/bin/../lib/gcc/arm-none-eabi/11.3.1/thumb/v7e-m+fp/hard/crtn.o
OUTPUT(mcu-workshop-take2.elf elf32-littlearm)
LOAD linker stubs
LOAD C:/ST/STM32CubeIDE_1.14.1/STM32CubeIDE/plugins/com.st.stm32cube.ide.mcu.externaltools.gnu-tools-for-stm32.11.3.rel1.win32_1.1.100.202309141235/tools/bin/../lib/gcc/arm-none-eabi/11.3.1/../../../../arm-none-eabi/lib/thumb/v7e-m+fp/hard\libc.a
LOAD C:/ST/STM32CubeIDE_1.14.1/STM32CubeIDE/plugins/com.st.stm32cube.ide.mcu.externaltools.gnu-tools-for-stm32.11.3.rel1.win32_1.1.100.202309141235/tools/bin/../lib/gcc/arm-none-eabi/11.3.1/../../../../arm-none-eabi/lib/thumb/v7e-m+fp/hard\libm.a
LOAD C:/ST/STM32CubeIDE_1.14.1/STM32CubeIDE/plugins/com.st.stm32cube.ide.mcu.externaltools.gnu-tools-for-stm32.11.3.rel1.win32_1.1.100.202309141235/tools/bin/../lib/gcc/arm-none-eabi/11.3.1/thumb/v7e-m+fp/hard\libgcc.a

.comment        0x0000000000000000       0x93
 .comment       0x0000000000000000       0x43 C:/ST/STM32CubeIDE_1.14.1/STM32CubeIDE/plugins/com.st.stm32cube.ide.mcu.externaltools.gnu-tools-for-stm32.11.3.rel1.win32_1.1.100.202309141235/tools/bin/../lib/gcc/arm-none-eabi/11.3.1/thumb/v7e-m+fp/hard/crtbegin.o
                                         0x44 (size before relaxing)
 .comment       0x0000000000000043       0x44 ./Core/Src/main.o
 .comment       0x0000000000000043       0x44 ./Core/Src/stm32f4xx_hal_msp.o
 .comment       0x0000000000000043       0x44 ./Core/Src/stm32f4xx_it.o
 .comment       0x0000000000000043       0x44 ./Core/Src/sysmem.o
 .comment       0x0000000000000043       0x44 ./Core/Src/system_stm32f4xx.o
 .comment       0x0000000000000043       0x44 ./Drivers/BSP/STM32F4xx_Nucleo/stm32f4xx_nucleo.o
 .comment       0x0000000000000043       0x44 ./Drivers/STM32F4xx_HAL_Driver/Src/stm32f4xx_hal.o
 .comment       0x0000000000000043       0x44 ./Drivers/STM32F4xx_HAL_Driver/Src/stm32f4xx_hal_adc.o
 .comment       0x0000000000000043       0x44 ./Drivers/STM32F4xx_HAL_Driver/Src/stm32f4xx_hal_cortex.o
 .comment       0x0000000000000043       0x44 ./Drivers/STM32F4xx_HAL_Driver/Src/stm32f4xx_hal_crc.o
 .comment       0x0000000000000043       0x44 ./Drivers/STM32F4xx_HAL_Driver/Src/stm32f4xx_hal_dma.o
 .comment       0x0000000000000043       0x44 ./Drivers/STM32F4xx_HAL_Driver/Src/stm32f4xx_hal_gpio.o
 .comment       0x0000000000000043       0x44 ./Drivers/STM32F4xx_HAL_Driver/Src/stm32f4xx_hal_rcc.o
 .comment       0x0000000000000043       0x44 ./Drivers/STM32F4xx_HAL_Driver/Src/stm32f4xx_hal_rcc_ex.o
 .comment       0x0000000000000043       0x44 ./Drivers/STM32F4xx_HAL_Driver/Src/stm32f4xx_hal_rtc.o
 .comment       0x0000000000000043       0x44 ./Drivers/STM32F4xx_HAL_Driver/Src/stm32f4xx_hal_tim.o
 .comment       0x0000000000000043       0x44 ./Drivers/STM32F4xx_HAL_Driver/Src/stm32f4xx_hal_tim_ex.o
 .comment       0x0000000000000043       0x44 ./Drivers/STM32F4xx_HAL_Driver/Src/stm32f4xx_hal_uart.o
 .comment       0x0000000000000043       0x44 ./MEMS/App/app_mems.o
 .comment       0x0000000000000043       0x44 ./MEMS/Target/com.o
 .comment       0x0000000000000043       0x44 ./MEMS/Target/custom_mems_control.o
 .comment       0x0000000000000043       0x44 ./MEMS/Target/custom_mems_control_ex.o
 .comment       0x0000000000000043       0x44 ./MEMS/Target/demo_serial.o
 .comment       0x0000000000000043       0x44 ./MEMS/Target/infrared_pd_manager.o
 .comment       0x0000000000000043       0x44 ./MEMS/Target/serial_protocol.o
 .comment       0x0000000000000043       0x50 ../Middlewares/ST/STM32_InfraredPD_Library/Lib\InfraredPD_CM4F_wc32_ot_hard.a(infrared_pd.o)
                                         0x51 (size before relaxing)

.debug_info     0x0000000000000000    0x1459f
 .debug_info    0x0000000000000000     0x16a5 ./Core/Src/main.o
 .debug_info    0x00000000000016a5     0x153c ./Core/Src/stm32f4xx_hal_msp.o
 .debug_info    0x0000000000002be1      0x6da ./Core/Src/stm32f4xx_it.o
 .debug_info    0x00000000000032bb      0x168 ./Core/Src/sysmem.o
 .debug_info    0x0000000000003423      0x53e ./Core/Src/system_stm32f4xx.o
 .debug_info    0x0000000000003961       0x23 ./Core/Startup/startup_stm32f401retx.o