../Drivers/BSP/Components/sths34pf80/sths34pf80.c:79:9:STHS34PF80_RegisterBusIO	24	static
../Drivers/BSP/Components/sths34pf80/sths34pf80.c:120:9:STHS34PF80_Init	16	static
../Drivers/BSP/Components/sths34pf80/sths34pf80.c:150:9:STHS34PF80_DeInit	16	static
../Drivers/BSP/Components/sths34pf80/sths34pf80.c:172:9:STHS34PF80_ReadID	24	static
../Drivers/BSP/Components/sths34pf80/sths34pf80.c:192:9:STHS34PF80_GetCapabilities	16	static
../Drivers/BSP/Components/sths34pf80/sths34pf80.c:215:9:STHS34PF80_Get_Init_Status	16	static
../Drivers/BSP/Components/sths34pf80/sths34pf80.c:232:9:STHS34PF80_TEMP_Enable	16	static
../Drivers/BSP/Components/sths34pf80/sths34pf80.c:256:9:STHS34PF80_TEMP_Disable	16	static
../Drivers/BSP/Components/sths34pf80/sths34pf80.c:287:9:STHS34PF80_TEMP_GetOutputDataRate	24	static
../Drivers/BSP/Components/sths34pf80/sths34pf80.c:349:9:STHS34PF80_TEMP_SetOutputDataRate	24	static
../Drivers/BSP/Components/sths34pf80/sths34pf80.c:376:9:STHS34PF80_TEMP_GetTemperature	16	static
../Drivers/BSP/Components/sths34pf80/sths34pf80.c:393:9:STHS34PF80_TEMP_Get_DRDY_Status	24	static
../Drivers/BSP/Components/sths34pf80/sths34pf80.c:421:9:STHS34PF80_Read_Reg	24	static
../Drivers/BSP/Components/sths34pf80/sths34pf80.c:438:9:STHS34PF80_Write_Reg	16	static
../Drivers/BSP/Components/sths34pf80/sths34pf80.c:454:9:STHS34PF80_GetObjectTemperatureRaw	16	static
../Drivers/BSP/Components/sths34pf80/sths34pf80.c:471:9:STHS34PF80_GetAmbientTemperatureRaw	16	static
../Drivers/BSP/Components/sths34pf80/sths34pf80.c:488:9:STHS34PF80_GetObjectTemperature	24	static
../Drivers/BSP/Components/sths34pf80/sths34pf80.c:525:9:STHS34PF80_GetAmbientTemperature	24	static
../Drivers/BSP/Components/sths34pf80/sths34pf80.c:548:9:STHS34PF80_GetPresenceData	16	static
../Drivers/BSP/Components/sths34pf80/sths34pf80.c:565:9:STHS34PF80_GetPresenceFlag	24	static
../Drivers/BSP/Components/sths34pf80/sths34pf80.c:586:9:STHS34PF80_GetMotionData	16	static
../Drivers/BSP/Components/sths34pf80/sths34pf80.c:603:9:STHS34PF80_GetMotionFlag	24	static
../Drivers/BSP/Components/sths34pf80/sths34pf80.c:624:9:STHS34PF80_GetAvgTmos	24	static
../Drivers/BSP/Components/sths34pf80/sths34pf80.c:683:9:STHS34PF80_SetAvgTmos	24	static
../Drivers/BSP/Components/sths34pf80/sths34pf80.c:711:9:STHS34PF80_GetAvgT	24	static
../Drivers/BSP/Components/sths34pf80/sths34pf80.c:754:9:STHS34PF80_GetGainFactor	24	static
../Drivers/BSP/Components/sths34pf80/sths34pf80.c:789:9:STHS34PF80_GetSensData	16	static
../Drivers/BSP/Components/sths34pf80/sths34pf80.c:806:9:STHS34PF80_GetSensitivity	16	static
../Drivers/BSP/Components/sths34pf80/sths34pf80.c:832:16:ReadRegWrap	40	static
../Drivers/BSP/Components/sths34pf80/sths34pf80.c:847:16:WriteRegWrap	40	static
