../MEMS/App/app_mems.c:80:6:MX_MEMS_Init	8	static
../MEMS/App/app_mems.c:102:6:MX_MEMS_Process	8	static
../MEMS/App/app_mems.c:122:6:HAL_TIM_PeriodElapsedCallback	16	static
../MEMS/App/app_mems.c:135:13:MX_PresenceDetection_Init	8	static
../MEMS/App/app_mems.c:179:13:MX_PresenceDetection_Process	8	static
../MEMS/App/app_mems.c:246:13:Init_Sensors	8	static
../MEMS/App/app_mems.c:264:13:RTC_Handler	56	static
../MEMS/App/app_mems.c:305:13:PD_Data_Handler	24	static
../MEMS/App/app_mems.c:338:13:Infrared_Sensor_Handler	16	static
../MEMS/App/app_mems.c:355:13:TIM_Config	32	static
../MEMS/App/app_mems.c:377:13:DWT_Init	4	static
../MEMS/App/app_mems.c:388:13:DWT_Start	4	static
../MEMS/App/app_mems.c:399:17:DWT_Stop	16	static
