../Core/Src/main.c:128:5:main	8	static
../Core/Src/main.c:205:6:SystemClock_Config	88	static
../Core/Src/main.c:253:13:MX_ADC1_Init	24	static
../Core/Src/main.c:305:13:MX_CRC_Init	8	static
../Core/Src/main.c:331:13:MX_I2C3_Init	8	static
../Core/Src/main.c:365:13:MX_RTC_Init	8	static
../Core/Src/main.c:400:13:MX_TIM4_Init	32	static
../Core/Src/main.c:445:13:MX_USART2_UART_Init	8	static
../Core/Src/main.c:478:13:MX_GPIO_Init	48	static
../Core/Src/main.c:506:6:HAL_TIM_PeriodElapsedCallback	32	static
../Core/Src/main.c:539:6:getPotValue	16	static
../Core/Src/main.c:547:6:stateClear	8	static
../Core/Src/main.c:555:6:stateIntruder	8	static
../Core/Src/main.c:568:6:Error_Handler	4	static,ignoring_inline_asm
